******************************************************************************
                  TI ARM Linker PC v5.1.6                      
******************************************************************************
>> Linked Wed Mar 16 22:06:42 2016

OUTPUT FILE NAME:   <I2C_slave_write.out>
ENTRY POINT SYMBOL: "_c_int00"  address: 0000086d


MEMORY CONFIGURATION

         name            origin    length      used     unused   attr    fill
----------------------  --------  ---------  --------  --------  ----  --------
  FLASH                 00000000   00100000  00000cd4  000ff32c  R  X
  SRAM                  20000000   00040000  00000214  0003fdec  RW X


SEGMENT ALLOCATION MAP

run origin  load origin   length   init length attrs members
----------  ----------- ---------- ----------- ----- -------
00000000    00000000    00000cd8   00000cd8    r-x
  00000000    00000000    00000208   00000208    r-- .intvecs
  00000208    00000208    00000850   00000850    r-x .text
  00000a58    00000a58    0000025c   0000025c    r-- .const
  00000cb8    00000cb8    00000020   00000020    r-- .cinit
20000000    20000000    00000214   00000000    rw-
  20000000    20000000    00000200   00000000    rw- .stack
  20000200    20000200    00000014   00000000    rw- .data


SECTION ALLOCATION MAP

 output                                  attributes/
section   page    origin      length       input sections
--------  ----  ----------  ----------   ----------------
.intvecs   0    00000000    00000208     
                  00000000    00000208     tm4c1294ncpdt_startup_ccs.obj (.intvecs)

.init_array 
*          0    00000000    00000000     UNINITIALIZED

.text      0    00000208    00000850     
                  00000208    00000204     driverlib.lib : sysctl.obj (.text:SysCtlClockFreqSet)
                  0000040c    00000130                   : gpio.obj (.text:GPIOPadConfigSet)
                  0000053c    000000c0     main.obj (.text)
                  000005fc    0000009c     rtsv7M4_T_le_v4SPD16_eabi.lib : memcpy_t2.obj (.text)
                  00000698    00000094                                   : auto_init.obj (.text)
                  0000072c    0000005e                                   : copy_decompress_rle.obj (.text)
                  0000078a    00000002     --HOLE-- [fill = 0]
                  0000078c    00000050     driverlib.lib : sysctl.obj (.text:SysCtlPeripheralReset)
                  000007dc    00000048                   : gpio.obj (.text:GPIOPinConfigure)
                  00000824    00000048                   : sysctl.obj (.text:_SysCtlFrequencyGet)
                  0000086c    00000048     rtsv7M4_T_le_v4SPD16_eabi.lib : boot.obj (.text)
                  000008b4    00000044                                   : cpy_tbl.obj (.text)
                  000008f8    00000044                                   : exit.obj (.text)
                  0000093c    00000034     driverlib.lib : sysctl.obj (.text:SysCtlPeripheralEnable)
                  00000970    0000002a                   : gpio.obj (.text:GPIODirModeSet)
                  0000099a    00000002     --HOLE-- [fill = 0]
                  0000099c    0000001c                   : sysctl.obj (.text:_SysCtlMemTimingGet)
                  000009b8    00000018     rtsv7M4_T_le_v4SPD16_eabi.lib : args_main.obj (.text)
                  000009d0    00000014                                   : _lock.obj (.text)
                  000009e4    00000012     driverlib.lib : gpio.obj (.text:GPIOPinTypeI2C)
                  000009f6    00000012                   : gpio.obj (.text:GPIOPinTypeI2CSCL)
                  00000a08    00000010                   : i2c.obj (.text:I2CSlaveEnable)
                  00000a18    0000000e                   : i2c.obj (.text:I2CSlaveInit)
                  00000a26    0000000e     rtsv7M4_T_le_v4SPD16_eabi.lib : copy_decompress_none.obj (.text:decompress:none)
                  00000a34    0000000c     tm4c1294ncpdt_startup_ccs.obj (.text)
                  00000a40    00000006     driverlib.lib : i2c.obj (.text:I2CSlaveDataPut)
                  00000a46    00000006                   : i2c.obj (.text:I2CSlaveStatus)
                  00000a4c    00000006                   : sysctl.obj (.text:SysCtlDelay)
                  00000a52    00000006     rtsv7M4_T_le_v4SPD16_eabi.lib : copy_decompress_rle.obj (.text:decompress:rle24)

.const     0    00000a58    0000025c     
                  00000a58    00000120     driverlib.lib : sysctl.obj (.const:g_pppui32XTALtoVCO)
                  00000b78    00000090                   : gpio.obj (.const:g_pui32GPIOBaseAddrs)
                  00000c08    0000006c                   : sysctl.obj (.const:g_pui32Xtals)
                  00000c74    00000030                   : sysctl.obj (.const:g_sXTALtoMEMTIM)
                  00000ca4    00000008     main.obj (.const:.string)
                  00000cac    00000008     driverlib.lib : sysctl.obj (.const)

.cinit     0    00000cb8    00000020     
                  00000cb8    0000000f     (.cinit..data.load) [load image, compression = rle]
                  00000cc7    00000001     --HOLE-- [fill = 0]
                  00000cc8    00000008     (__TI_handler_table)
                  00000cd0    00000008     (__TI_cinit_table)

.stack     0    20000000    00000200     UNINITIALIZED
                  20000000    00000200     --HOLE--

.data      0    20000200    00000014     UNINITIALIZED
                  20000200    00000008     rtsv7M4_T_le_v4SPD16_eabi.lib : _lock.obj (.data)
                  20000208    00000008                                   : exit.obj (.data)
                  20000210    00000004                                   : stkdepth_vars.obj (.data)


LINKER GENERATED COPY TABLES

__TI_cinit_table @ 00000cd0 records: 1, size/record: 8, table size: 8
	.data: load addr=00000cb8, load size=0000000f bytes, run addr=20000200, run size=00000014 bytes, compression=rle


LINKER GENERATED HANDLER TABLE

__TI_handler_table @ 00000cc8 records: 2, size/record: 4, table size: 8
	index: 0, handler: __TI_decompress_rle24
	index: 1, handler: __TI_decompress_none


GLOBAL SYMBOLS: SORTED ALPHABETICALLY BY Name 

address    name
--------   ----
000008f9   C$$EXIT
00000971   GPIODirModeSet
0000040d   GPIOPadConfigSet
000007dd   GPIOPinConfigure
000009e5   GPIOPinTypeI2C
000009f7   GPIOPinTypeI2CSCL
00000a41   I2CSlaveDataPut
00000a09   I2CSlaveEnable
00000a19   I2CSlaveInit
00000a47   I2CSlaveStatus
0000053d   InitSlaveI2C2
00000a35   ResetISR
UNDEFED    SHT$$INIT_ARRAY$$Base
UNDEFED    SHT$$INIT_ARRAY$$Limit
00000209   SysCtlClockFreqSet
00000a4d   SysCtlDelay
0000093d   SysCtlPeripheralEnable
0000078d   SysCtlPeripheralReset
20000200   __STACK_END
00000200   __STACK_SIZE
20000200   __STACK_TOP
00000cd0   __TI_CINIT_Base
00000cd8   __TI_CINIT_Limit
00000cc8   __TI_Handler_Table_Base
00000cd0   __TI_Handler_Table_Limit
00000001   __TI_args_main
00000699   __TI_auto_init
20000208   __TI_cleanup_ptr
00000a27   __TI_decompress_none
00000a53   __TI_decompress_rle24
2000020c   __TI_dtors_ptr
00000000   __TI_static_base__
000005fd   __aeabi_memcpy
000005fd   __aeabi_memcpy4
000005fd   __aeabi_memcpy8
ffffffff   __binit__
ffffffff   __c_args__
20000000   __stack
000009b9   _args_main
0000086d   _c_int00
20000200   _lock
000009df   _nop
000009d7   _register_lock
000009d1   _register_unlock
20000204   _unlock
000008fd   abort
ffffffff   binit
000008b5   copy_in
00000905   exit
00000000   g_pfnVectors
00000577   main
20000210   main_func_sp
000005fd   memcpy


GLOBAL SYMBOLS: SORTED BY Symbol Address 

address    name
--------   ----
00000000   __TI_static_base__
00000000   g_pfnVectors
00000001   __TI_args_main
00000200   __STACK_SIZE
00000209   SysCtlClockFreqSet
0000040d   GPIOPadConfigSet
0000053d   InitSlaveI2C2
00000577   main
000005fd   __aeabi_memcpy
000005fd   __aeabi_memcpy4
000005fd   __aeabi_memcpy8
000005fd   memcpy
00000699   __TI_auto_init
0000078d   SysCtlPeripheralReset
000007dd   GPIOPinConfigure
0000086d   _c_int00
000008b5   copy_in
000008f9   C$$EXIT
000008fd   abort
00000905   exit
0000093d   SysCtlPeripheralEnable
00000971   GPIODirModeSet
000009b9   _args_main
000009d1   _register_unlock
000009d7   _register_lock
000009df   _nop
000009e5   GPIOPinTypeI2C
000009f7   GPIOPinTypeI2CSCL
00000a09   I2CSlaveEnable
00000a19   I2CSlaveInit
00000a27   __TI_decompress_none
00000a35   ResetISR
00000a41   I2CSlaveDataPut
00000a47   I2CSlaveStatus
00000a4d   SysCtlDelay
00000a53   __TI_decompress_rle24
00000cc8   __TI_Handler_Table_Base
00000cd0   __TI_CINIT_Base
00000cd0   __TI_Handler_Table_Limit
00000cd8   __TI_CINIT_Limit
20000000   __stack
20000200   __STACK_END
20000200   __STACK_TOP
20000200   _lock
20000204   _unlock
20000208   __TI_cleanup_ptr
2000020c   __TI_dtors_ptr
20000210   main_func_sp
ffffffff   __binit__
ffffffff   __c_args__
ffffffff   binit
UNDEFED    SHT$$INIT_ARRAY$$Base
UNDEFED    SHT$$INIT_ARRAY$$Limit

[53 symbols]
