<?xml version="1.0"?>
<link_info>
   <banner>TI ARM Linker PC v5.1.6</banner>
   <copyright>Copyright (c) 1996-2014 Texas Instruments Incorporated</copyright>
   <link_time>0x56e1fba9</link_time>
   <link_errors>0x0</link_errors>
   <output_file>sensors_controller.out</output_file>
   <entry_point>
      <name>_c_int00</name>
      <address>0x2249</address>
   </entry_point>
   <input_file_list>
      <input_file id="fl-2">
         <path>.\</path>
         <kind>object</kind>
         <file>main.obj</file>
         <name>main.obj</name>
      </input_file>
      <input_file id="fl-3">
         <path>.\</path>
         <kind>object</kind>
         <file>startup_ccs.obj</file>
         <name>startup_ccs.obj</name>
      </input_file>
      <input_file id="fl-4">
         <path>.\utils\</path>
         <kind>object</kind>
         <file>uartstdio.obj</file>
         <name>uartstdio.obj</name>
      </input_file>
      <input_file id="fl-5">
         <path>.\drivers\</path>
         <kind>object</kind>
         <file>buttons.obj</file>
         <name>buttons.obj</name>
      </input_file>
      <input_file id="fl-6">
         <path>.\drivers\</path>
         <kind>object</kind>
         <file>pinout.obj</file>
         <name>pinout.obj</name>
      </input_file>
      <input_file id="fl-135">
         <path>C:\Program Files (x86)\ccsv6\tools\compiler\arm_5.1.6\lib\</path>
         <kind>archive</kind>
         <file>rtsv7M4_T_le_v4SPD16_eabi.lib</file>
         <name>boot.obj</name>
      </input_file>
      <input_file id="fl-136">
         <path>C:\Program Files (x86)\ccsv6\tools\compiler\arm_5.1.6\lib\</path>
         <kind>archive</kind>
         <file>rtsv7M4_T_le_v4SPD16_eabi.lib</file>
         <name>copy_decompress_none.obj</name>
      </input_file>
      <input_file id="fl-137">
         <path>C:\Program Files (x86)\ccsv6\tools\compiler\arm_5.1.6\lib\</path>
         <kind>archive</kind>
         <file>rtsv7M4_T_le_v4SPD16_eabi.lib</file>
         <name>copy_decompress_rle.obj</name>
      </input_file>
      <input_file id="fl-138">
         <path>C:\Program Files (x86)\ccsv6\tools\compiler\arm_5.1.6\lib\</path>
         <kind>archive</kind>
         <file>rtsv7M4_T_le_v4SPD16_eabi.lib</file>
         <name>copy_zero_init.obj</name>
      </input_file>
      <input_file id="fl-139">
         <path>C:\Program Files (x86)\ccsv6\tools\compiler\arm_5.1.6\lib\</path>
         <kind>archive</kind>
         <file>rtsv7M4_T_le_v4SPD16_eabi.lib</file>
         <name>exit.obj</name>
      </input_file>
      <input_file id="fl-13a">
         <path>C:\Program Files (x86)\ccsv6\tools\compiler\arm_5.1.6\lib\</path>
         <kind>archive</kind>
         <file>rtsv7M4_T_le_v4SPD16_eabi.lib</file>
         <name>memcpy_t2.obj</name>
      </input_file>
      <input_file id="fl-13b">
         <path>C:\Program Files (x86)\ccsv6\tools\compiler\arm_5.1.6\lib\</path>
         <kind>archive</kind>
         <file>rtsv7M4_T_le_v4SPD16_eabi.lib</file>
         <name>stkdepth_vars.obj</name>
      </input_file>
      <input_file id="fl-13c">
         <path>C:\Program Files (x86)\ccsv6\tools\compiler\arm_5.1.6\lib\</path>
         <kind>archive</kind>
         <file>rtsv7M4_T_le_v4SPD16_eabi.lib</file>
         <name>u_divt2.obj</name>
      </input_file>
      <input_file id="fl-13d">
         <path>C:\Program Files (x86)\ccsv6\tools\compiler\arm_5.1.6\lib\</path>
         <kind>archive</kind>
         <file>rtsv7M4_T_le_v4SPD16_eabi.lib</file>
         <name>_lock.obj</name>
      </input_file>
      <input_file id="fl-13e">
         <path>C:\Program Files (x86)\ccsv6\tools\compiler\arm_5.1.6\lib\</path>
         <kind>archive</kind>
         <file>rtsv7M4_T_le_v4SPD16_eabi.lib</file>
         <name>args_main.obj</name>
      </input_file>
      <input_file id="fl-13f">
         <path>C:\Program Files (x86)\ccsv6\tools\compiler\arm_5.1.6\lib\</path>
         <kind>archive</kind>
         <file>rtsv7M4_T_le_v4SPD16_eabi.lib</file>
         <name>auto_init.obj</name>
      </input_file>
      <input_file id="fl-140">
         <path>C:\Program Files (x86)\ccsv6\tools\compiler\arm_5.1.6\lib\</path>
         <kind>archive</kind>
         <file>rtsv7M4_T_le_v4SPD16_eabi.lib</file>
         <name>cpy_tbl.obj</name>
      </input_file>
      <input_file id="fl-141">
         <path>c:\ti\TivaWare_C_Series-2.1.1.71\examples\boards\ek-tm4c1294xl-boostxl-senshub\humidity_sht21\ccs\..\..\..\..\..\driverlib\ccs\Debug\</path>
         <kind>archive</kind>
         <file>driverlib.lib</file>
         <name>gpio.obj</name>
      </input_file>
      <input_file id="fl-142">
         <path>c:\ti\TivaWare_C_Series-2.1.1.71\examples\boards\ek-tm4c1294xl-boostxl-senshub\humidity_sht21\ccs\..\..\..\..\..\driverlib\ccs\Debug\</path>
         <kind>archive</kind>
         <file>driverlib.lib</file>
         <name>interrupt.obj</name>
      </input_file>
      <input_file id="fl-143">
         <path>c:\ti\TivaWare_C_Series-2.1.1.71\examples\boards\ek-tm4c1294xl-boostxl-senshub\humidity_sht21\ccs\..\..\..\..\..\driverlib\ccs\Debug\</path>
         <kind>archive</kind>
         <file>driverlib.lib</file>
         <name>sysctl.obj</name>
      </input_file>
      <input_file id="fl-144">
         <path>c:\ti\TivaWare_C_Series-2.1.1.71\examples\boards\ek-tm4c1294xl-boostxl-senshub\humidity_sht21\ccs\..\..\..\..\..\driverlib\ccs\Debug\</path>
         <kind>archive</kind>
         <file>driverlib.lib</file>
         <name>uart.obj</name>
      </input_file>
      <input_file id="fl-145">
         <path>c:\ti\TivaWare_C_Series-2.1.1.71\examples\boards\ek-tm4c1294xl-boostxl-senshub\humidity_sht21\ccs\..\..\..\..\..\driverlib\ccs\Debug\</path>
         <kind>archive</kind>
         <file>driverlib.lib</file>
         <name>cpu.obj</name>
      </input_file>
      <input_file id="fl-146">
         <path>c:\ti\TivaWare_C_Series-2.1.1.71\examples\boards\ek-tm4c1294xl-boostxl-senshub\humidity_sht21\ccs\..\..\..\..\..\sensorlib\ccs\Debug\</path>
         <kind>archive</kind>
         <file>sensorlib.lib</file>
         <name>i2cm_drv.obj</name>
      </input_file>
      <input_file id="fl-147">
         <path>c:\ti\TivaWare_C_Series-2.1.1.71\examples\boards\ek-tm4c1294xl-boostxl-senshub\humidity_sht21\ccs\..\..\..\..\..\sensorlib\ccs\Debug\</path>
         <kind>archive</kind>
         <file>sensorlib.lib</file>
         <name>sht21.obj</name>
      </input_file>
      <input_file id="fl-148">
         <path>c:\ti\TivaWare_C_Series-2.1.1.71\examples\boards\ek-tm4c1294xl-boostxl-senshub\humidity_sht21\ccs\..\..\..\..\..\sensorlib\ccs\Debug\</path>
         <kind>archive</kind>
         <file>sensorlib.lib</file>
         <name>tmp006.obj</name>
      </input_file>
      <input_file id="fl-149">
         <path>C:\Program Files (x86)\ccsv6\tools\compiler\arm_5.1.6\lib\</path>
         <kind>archive</kind>
         <file>rtsv7M4_T_le_v4SPD16_eabi.lib</file>
         <name>fd_add_t2.obj</name>
      </input_file>
      <input_file id="fl-14a">
         <path>C:\Program Files (x86)\ccsv6\tools\compiler\arm_5.1.6\lib\</path>
         <kind>archive</kind>
         <file>rtsv7M4_T_le_v4SPD16_eabi.lib</file>
         <name>fd_mul_t2.obj</name>
      </input_file>
      <input_file id="fl-14b">
         <path>C:\Program Files (x86)\ccsv6\tools\compiler\arm_5.1.6\lib\</path>
         <kind>archive</kind>
         <file>rtsv7M4_T_le_v4SPD16_eabi.lib</file>
         <name>fd_tos_t2.obj</name>
      </input_file>
      <input_file id="fl-14c">
         <path>C:\Program Files (x86)\ccsv6\tools\compiler\arm_5.1.6\lib\</path>
         <kind>archive</kind>
         <file>rtsv7M4_T_le_v4SPD16_eabi.lib</file>
         <name>fs_tod_t2.obj</name>
      </input_file>
      <input_file id="fl-14d">
         <path>C:\Program Files (x86)\ccsv6\tools\compiler\arm_5.1.6\lib\</path>
         <kind>archive</kind>
         <file>rtsv7M4_T_le_v4SPD16_eabi.lib</file>
         <name>sqrtf.obj</name>
      </input_file>
      <input_file id="fl-14e">
         <path>C:\Program Files (x86)\ccsv6\tools\compiler\arm_5.1.6\lib\</path>
         <kind>archive</kind>
         <file>rtsv7M4_T_le_v4SPD16_eabi.lib</file>
         <name>xferaise.obj</name>
      </input_file>
      <input_file id="fl-14f">
         <path>C:\Program Files (x86)\ccsv6\tools\compiler\arm_5.1.6\lib\</path>
         <kind>archive</kind>
         <file>rtsv7M4_T_le_v4SPD16_eabi.lib</file>
         <name>xfvalues.obj</name>
      </input_file>
      <input_file id="fl-150">
         <path>C:\Program Files (x86)\ccsv6\tools\compiler\arm_5.1.6\lib\</path>
         <kind>archive</kind>
         <file>rtsv7M4_T_le_v4SPD16_eabi.lib</file>
         <name>errno.obj</name>
      </input_file>
      <input_file id="fl-151">
         <path>C:\Program Files (x86)\ccsv6\tools\compiler\arm_5.1.6\lib\</path>
         <kind>archive</kind>
         <file>rtsv7M4_T_le_v4SPD16_eabi.lib</file>
         <name>feraiseexcept.obj</name>
      </input_file>
      <input_file id="fl-152">
         <path>C:\Program Files (x86)\ccsv6\tools\compiler\arm_5.1.6\lib\</path>
         <kind>archive</kind>
         <file>rtsv7M4_T_le_v4SPD16_eabi.lib</file>
         <name>raise.obj</name>
      </input_file>
      <input_file id="fl-153">
         <path>C:\Program Files (x86)\ccsv6\tools\compiler\arm_5.1.6\lib\</path>
         <kind>archive</kind>
         <file>rtsv7M4_T_le_v4SPD16_eabi.lib</file>
         <name>signal.obj</name>
      </input_file>
      <input_file id="fl-154">
         <path>c:\ti\TivaWare_C_Series-2.1.1.71\examples\boards\ek-tm4c1294xl-boostxl-senshub\humidity_sht21\ccs\..\..\..\..\..\driverlib\ccs\Debug\</path>
         <kind>archive</kind>
         <file>driverlib.lib</file>
         <name>i2c.obj</name>
      </input_file>
   </input_file_list>
   <object_component_list>
      <object_component id="oc-e">
         <name>.intvecs</name>
         <load_address>0x0</load_address>
         <run_address>0x0</run_address>
         <size>0x200</size>
         <input_file_ref idref="fl-3"/>
      </object_component>
      <object_component id="oc-162">
         <name>.text:PinoutSet</name>
         <load_address>0x200</load_address>
         <run_address>0x200</run_address>
         <size>0x214</size>
         <input_file_ref idref="fl-6"/>
      </object_component>
      <object_component id="oc-15c">
         <name>.text:SysCtlClockFreqSet</name>
         <load_address>0x414</load_address>
         <run_address>0x414</run_address>
         <size>0x204</size>
         <input_file_ref idref="fl-143"/>
      </object_component>
      <object_component id="oc-cd">
         <name>.text:main</name>
         <load_address>0x618</load_address>
         <run_address>0x618</run_address>
         <size>0x1ec</size>
         <input_file_ref idref="fl-2"/>
      </object_component>
      <object_component id="oc-230">
         <name>.text:UARTvprintf</name>
         <load_address>0x804</load_address>
         <run_address>0x804</run_address>
         <size>0x1ea</size>
         <input_file_ref idref="fl-4"/>
      </object_component>
      <object_component id="oc-35">
         <name>.text:FaultISR</name>
         <load_address>0x9ee</load_address>
         <run_address>0x9ee</run_address>
         <size>0x2</size>
         <input_file_ref idref="fl-3"/>
      </object_component>
      <object_component id="oc-275">
         <name>.text:TMP006DataTemperatureGetFloat</name>
         <load_address>0x9f0</load_address>
         <run_address>0x9f0</run_address>
         <size>0x1e4</size>
         <input_file_ref idref="fl-148"/>
      </object_component>
      <object_component id="oc-19e">
         <name>.text:printHumidityData</name>
         <load_address>0xbd4</load_address>
         <run_address>0xbd4</run_address>
         <size>0x1b8</size>
         <input_file_ref idref="fl-2"/>
      </object_component>
      <object_component id="oc-330">
         <name>.text</name>
         <load_address>0xd8c</load_address>
         <run_address>0xd8c</run_address>
         <size>0x1b6</size>
         <input_file_ref idref="fl-149"/>
      </object_component>
      <object_component id="oc-3b">
         <name>.text:IntDefaultHandler</name>
         <load_address>0xf42</load_address>
         <run_address>0xf42</run_address>
         <size>0x2</size>
         <input_file_ref idref="fl-3"/>
      </object_component>
      <object_component id="oc-41">
         <name>.text:UARTStdioIntHandler</name>
         <load_address>0xf44</load_address>
         <run_address>0xf44</run_address>
         <size>0x160</size>
         <input_file_ref idref="fl-4"/>
      </object_component>
      <object_component id="oc-214">
         <name>.text:GPIOPadConfigSet</name>
         <load_address>0x10a4</load_address>
         <run_address>0x10a4</run_address>
         <size>0x130</size>
         <input_file_ref idref="fl-141"/>
      </object_component>
      <object_component id="oc-192">
         <name>.text:printTemperatureData</name>
         <load_address>0x11d4</load_address>
         <run_address>0x11d4</run_address>
         <size>0x104</size>
         <input_file_ref idref="fl-2"/>
      </object_component>
      <object_component id="oc-32b">
         <name>.text</name>
         <load_address>0x12d8</load_address>
         <run_address>0x12d8</run_address>
         <size>0xfc</size>
         <input_file_ref idref="fl-14a"/>
      </object_component>
      <object_component id="oc-b5">
         <name>.text:I2CMIntHandler</name>
         <load_address>0x13d4</load_address>
         <run_address>0x13d4</run_address>
         <size>0xf2</size>
         <input_file_ref idref="fl-146"/>
      </object_component>
      <object_component id="oc-2f">
         <name>.text:NmiSR</name>
         <load_address>0x14c6</load_address>
         <run_address>0x14c6</run_address>
         <size>0x2</size>
         <input_file_ref idref="fl-3"/>
      </object_component>
      <object_component id="oc-26c">
         <name>.text:SHT21AppErrorHandler</name>
         <load_address>0x14c8</load_address>
         <run_address>0x14c8</run_address>
         <size>0xc4</size>
         <input_file_ref idref="fl-2"/>
      </object_component>
      <object_component id="oc-228">
         <name>.text:UARTStdioConfig</name>
         <load_address>0x158c</load_address>
         <run_address>0x158c</run_address>
         <size>0xb0</size>
         <input_file_ref idref="fl-4"/>
      </object_component>
      <object_component id="oc-95">
         <name>.text:UARTwrite</name>
         <load_address>0x163c</load_address>
         <run_address>0x163c</run_address>
         <size>0xa8</size>
         <input_file_ref idref="fl-4"/>
      </object_component>
      <object_component id="oc-65">
         <name>.text</name>
         <load_address>0x16e4</load_address>
         <run_address>0x16e4</run_address>
         <size>0x9c</size>
         <input_file_ref idref="fl-13a"/>
      </object_component>
      <object_component id="oc-14b">
         <name>.text:I2CMStateIdle</name>
         <load_address>0x1780</load_address>
         <run_address>0x1780</run_address>
         <size>0x98</size>
         <input_file_ref idref="fl-146"/>
      </object_component>
      <object_component id="oc-27b">
         <name>.text:TMP006AppErrorHandler</name>
         <load_address>0x1818</load_address>
         <run_address>0x1818</run_address>
         <size>0x94</size>
         <input_file_ref idref="fl-2"/>
      </object_component>
      <object_component id="oc-50">
         <name>.text</name>
         <load_address>0x18ac</load_address>
         <run_address>0x18ac</run_address>
         <size>0x94</size>
         <input_file_ref idref="fl-13f"/>
      </object_component>
      <object_component id="oc-89">
         <name>.text:UARTPrimeTransmit</name>
         <load_address>0x1940</load_address>
         <run_address>0x1940</run_address>
         <size>0x8c</size>
         <input_file_ref idref="fl-4"/>
      </object_component>
      <object_component id="oc-256">
         <name>.text:I2CMCommand</name>
         <load_address>0x19cc</load_address>
         <run_address>0x19cc</run_address>
         <size>0x88</size>
         <input_file_ref idref="fl-146"/>
      </object_component>
      <object_component id="oc-291">
         <name>.text:SHT21DataHumidityGetFloat</name>
         <load_address>0x1a54</load_address>
         <run_address>0x1a54</run_address>
         <size>0x70</size>
         <input_file_ref idref="fl-147"/>
      </object_component>
      <object_component id="oc-17a">
         <name>.text:LEDWrite</name>
         <load_address>0x1ac4</load_address>
         <run_address>0x1ac4</run_address>
         <size>0x6c</size>
         <input_file_ref idref="fl-6"/>
      </object_component>
      <object_component id="oc-168">
         <name>.text:ConfigureUART</name>
         <load_address>0x1b30</load_address>
         <run_address>0x1b30</run_address>
         <size>0x68</size>
         <input_file_ref idref="fl-2"/>
      </object_component>
      <object_component id="oc-304">
         <name>.text:IntDisable</name>
         <load_address>0x1b98</load_address>
         <run_address>0x1b98</run_address>
         <size>0x68</size>
         <input_file_ref idref="fl-142"/>
      </object_component>
      <object_component id="oc-242">
         <name>.text:IntEnable</name>
         <load_address>0x1c00</load_address>
         <run_address>0x1c00</run_address>
         <size>0x68</size>
         <input_file_ref idref="fl-142"/>
      </object_component>
      <object_component id="oc-2fe">
         <name>.text:IntIsEnabled</name>
         <load_address>0x1c68</load_address>
         <run_address>0x1c68</run_address>
         <size>0x64</size>
         <input_file_ref idref="fl-142"/>
      </object_component>
      <object_component id="oc-317">
         <name>.text:LEDRead</name>
         <load_address>0x1ccc</load_address>
         <run_address>0x1ccc</run_address>
         <size>0x60</size>
         <input_file_ref idref="fl-6"/>
      </object_component>
      <object_component id="oc-297">
         <name>.text:SHT21DataTemperatureGetFloat</name>
         <load_address>0x1d2c</load_address>
         <run_address>0x1d2c</run_address>
         <size>0x60</size>
         <input_file_ref idref="fl-147"/>
      </object_component>
      <object_component id="oc-264">
         <name>.text:TMP006Callback</name>
         <load_address>0x1d8c</load_address>
         <run_address>0x1d8c</run_address>
         <size>0x60</size>
         <input_file_ref idref="fl-148"/>
      </object_component>
      <object_component id="oc-139">
         <name>.text:I2CMStateWritePause</name>
         <load_address>0x1dec</load_address>
         <run_address>0x1dec</run_address>
         <size>0x5e</size>
         <input_file_ref idref="fl-146"/>
      </object_component>
      <object_component id="oc-78">
         <name>.text</name>
         <load_address>0x1e4a</load_address>
         <run_address>0x1e4a</run_address>
         <size>0x5e</size>
         <input_file_ref idref="fl-137"/>
      </object_component>
      <object_component id="oc-186">
         <name>.text:TMP006Init</name>
         <load_address>0x1ea8</load_address>
         <run_address>0x1ea8</run_address>
         <size>0x58</size>
         <input_file_ref idref="fl-148"/>
      </object_component>
      <object_component id="oc-343">
         <name>.text:I2CMWrite8</name>
         <load_address>0x1f00</load_address>
         <run_address>0x1f00</run_address>
         <size>0x54</size>
         <input_file_ref idref="fl-146"/>
      </object_component>
      <object_component id="oc-198">
         <name>.text:UARTgets</name>
         <load_address>0x1f54</load_address>
         <run_address>0x1f54</run_address>
         <size>0x54</size>
         <input_file_ref idref="fl-4"/>
      </object_component>
      <object_component id="oc-13f">
         <name>.text:I2CMStateWriteFinal</name>
         <load_address>0x1fa8</load_address>
         <run_address>0x1fa8</run_address>
         <size>0x50</size>
         <input_file_ref idref="fl-146"/>
      </object_component>
      <object_component id="oc-28b">
         <name>.text:SHT21DataRead</name>
         <load_address>0x1ff8</load_address>
         <run_address>0x1ff8</run_address>
         <size>0x4c</size>
         <input_file_ref idref="fl-147"/>
      </object_component>
      <object_component id="oc-180">
         <name>.text:SHT21Init</name>
         <load_address>0x2044</load_address>
         <run_address>0x2044</run_address>
         <size>0x4c</size>
         <input_file_ref idref="fl-147"/>
      </object_component>
      <object_component id="oc-285">
         <name>.text:SHT21Write</name>
         <load_address>0x2090</load_address>
         <run_address>0x2090</run_address>
         <size>0x4c</size>
         <input_file_ref idref="fl-147"/>
      </object_component>
      <object_component id="oc-127">
         <name>.text:I2CMStateReadNext</name>
         <load_address>0x20dc</load_address>
         <run_address>0x20dc</run_address>
         <size>0x4a</size>
         <input_file_ref idref="fl-146"/>
      </object_component>
      <object_component id="oc-335">
         <name>.text</name>
         <load_address>0x2126</load_address>
         <run_address>0x2126</run_address>
         <size>0x4a</size>
         <input_file_ref idref="fl-14b"/>
      </object_component>
      <object_component id="oc-145">
         <name>.text:I2CMStateWriteNext</name>
         <load_address>0x2170</load_address>
         <run_address>0x2170</run_address>
         <size>0x48</size>
         <input_file_ref idref="fl-146"/>
      </object_component>
      <object_component id="oc-23c">
         <name>.text:I2CMasterInitExpClk</name>
         <load_address>0x21b8</load_address>
         <run_address>0x21b8</run_address>
         <size>0x48</size>
         <input_file_ref idref="fl-154"/>
      </object_component>
      <object_component id="oc-203">
         <name>.text:_SysCtlFrequencyGet</name>
         <load_address>0x2200</load_address>
         <run_address>0x2200</run_address>
         <size>0x48</size>
         <input_file_ref idref="fl-143"/>
      </object_component>
      <object_component id="oc-11">
         <name>.text</name>
         <load_address>0x2248</load_address>
         <run_address>0x2248</run_address>
         <size>0x48</size>
         <input_file_ref idref="fl-135"/>
      </object_component>
      <object_component id="oc-10f">
         <name>.text:I2CMStateCallback</name>
         <load_address>0x2290</load_address>
         <run_address>0x2290</run_address>
         <size>0x44</size>
         <input_file_ref idref="fl-146"/>
      </object_component>
      <object_component id="oc-18c">
         <name>.text:SHT21AppI2CWait</name>
         <load_address>0x22d4</load_address>
         <run_address>0x22d4</run_address>
         <size>0x44</size>
         <input_file_ref idref="fl-2"/>
      </object_component>
      <object_component id="oc-c6">
         <name>.text</name>
         <load_address>0x2318</load_address>
         <run_address>0x2318</run_address>
         <size>0x44</size>
         <input_file_ref idref="fl-140"/>
      </object_component>
      <object_component id="oc-5b">
         <name>.text</name>
         <load_address>0x235c</load_address>
         <run_address>0x235c</run_address>
         <size>0x44</size>
         <input_file_ref idref="fl-139"/>
      </object_component>
      <object_component id="oc-2ea">
         <name>.text</name>
         <load_address>0x23a0</load_address>
         <run_address>0x23a0</run_address>
         <size>0x42</size>
         <input_file_ref idref="fl-13c"/>
      </object_component>
      <object_component id="oc-121">
         <name>.text:I2CMStateReadFinal</name>
         <load_address>0x23e2</load_address>
         <run_address>0x23e2</run_address>
         <size>0x40</size>
         <input_file_ref idref="fl-146"/>
      </object_component>
      <object_component id="oc-3b3">
         <name>.text</name>
         <load_address>0x2424</load_address>
         <run_address>0x2424</run_address>
         <size>0x40</size>
         <input_file_ref idref="fl-153"/>
      </object_component>
      <object_component id="oc-11b">
         <name>.text:I2CMStateReadPause</name>
         <load_address>0x2464</load_address>
         <run_address>0x2464</run_address>
         <size>0x3e</size>
         <input_file_ref idref="fl-146"/>
      </object_component>
      <object_component id="oc-2e2">
         <name>.text:UARTFlushTx</name>
         <load_address>0x24a4</load_address>
         <run_address>0x24a4</run_address>
         <size>0x3c</size>
         <input_file_ref idref="fl-4"/>
      </object_component>
      <object_component id="oc-382">
         <name>.text:I2CMWrite8Callback</name>
         <load_address>0x24e0</load_address>
         <run_address>0x24e0</run_address>
         <size>0x3a</size>
         <input_file_ref idref="fl-146"/>
      </object_component>
      <object_component id="oc-326">
         <name>.text</name>
         <load_address>0x251a</load_address>
         <run_address>0x251a</run_address>
         <size>0x38</size>
         <input_file_ref idref="fl-14c"/>
      </object_component>
      <object_component id="oc-174">
         <name>.text:I2CMInit</name>
         <load_address>0x2552</load_address>
         <run_address>0x2552</run_address>
         <size>0x34</size>
         <input_file_ref idref="fl-146"/>
      </object_component>
      <object_component id="oc-38c">
         <name>.text</name>
         <load_address>0x2588</load_address>
         <run_address>0x2588</run_address>
         <size>0x34</size>
         <input_file_ref idref="fl-151"/>
      </object_component>
      <object_component id="oc-39f">
         <name>.text:I2CMTransferResume</name>
         <load_address>0x25bc</load_address>
         <run_address>0x25bc</run_address>
         <size>0x30</size>
         <input_file_ref idref="fl-146"/>
      </object_component>
      <object_component id="oc-377">
         <name>.text</name>
         <load_address>0x25ec</load_address>
         <run_address>0x25ec</run_address>
         <size>0x30</size>
         <input_file_ref idref="fl-14e"/>
      </object_component>
      <object_component id="oc-3a6">
         <name>.text</name>
         <load_address>0x261c</load_address>
         <run_address>0x261c</run_address>
         <size>0x2e</size>
         <input_file_ref idref="fl-152"/>
      </object_component>
      <object_component id="oc-2dc">
         <name>.text:UARTFlushRx</name>
         <load_address>0x264c</load_address>
         <run_address>0x264c</run_address>
         <size>0x2c</size>
         <input_file_ref idref="fl-4"/>
      </object_component>
      <object_component id="oc-2d1">
         <name>.text:GPIODirModeSet</name>
         <load_address>0x2678</load_address>
         <run_address>0x2678</run_address>
         <size>0x2a</size>
         <input_file_ref idref="fl-141"/>
      </object_component>
      <object_component id="oc-12d">
         <name>.text:I2CMStateReadFirst</name>
         <load_address>0x26a2</load_address>
         <run_address>0x26a2</run_address>
         <size>0x2a</size>
         <input_file_ref idref="fl-146"/>
      </object_component>
      <object_component id="oc-1aa">
         <name>.text:SHT21AppCallback</name>
         <load_address>0x26cc</load_address>
         <run_address>0x26cc</run_address>
         <size>0x24</size>
         <input_file_ref idref="fl-2"/>
      </object_component>
      <object_component id="oc-33a">
         <name>.text</name>
         <load_address>0x26f0</load_address>
         <run_address>0x26f0</run_address>
         <size>0x24</size>
         <input_file_ref idref="fl-14d"/>
      </object_component>
      <object_component id="oc-133">
         <name>.text:I2CMStateReadOne</name>
         <load_address>0x2714</load_address>
         <run_address>0x2714</run_address>
         <size>0x20</size>
         <input_file_ref idref="fl-146"/>
      </object_component>
      <object_component id="oc-1fd">
         <name>.text:_SysCtlMemTimingGet</name>
         <load_address>0x2734</load_address>
         <run_address>0x2734</run_address>
         <size>0x1c</size>
         <input_file_ref idref="fl-143"/>
      </object_component>
      <object_component id="oc-115">
         <name>.text:I2CMStateReadWait</name>
         <load_address>0x2750</load_address>
         <run_address>0x2750</run_address>
         <size>0x1a</size>
         <input_file_ref idref="fl-146"/>
      </object_component>
      <object_component id="oc-16e">
         <name>.text:UARTprintf</name>
         <load_address>0x276a</load_address>
         <run_address>0x276a</run_address>
         <size>0x1a</size>
         <input_file_ref idref="fl-4"/>
      </object_component>
      <object_component id="oc-9b">
         <name>.text:IsBufferFull</name>
         <load_address>0x2784</load_address>
         <run_address>0x2784</run_address>
         <size>0x18</size>
         <input_file_ref idref="fl-4"/>
      </object_component>
      <object_component id="oc-1b3">
         <name>.text:TMP006AppCallback</name>
         <load_address>0x279c</load_address>
         <run_address>0x279c</run_address>
         <size>0x18</size>
         <input_file_ref idref="fl-2"/>
      </object_component>
      <object_component id="oc-320">
         <name>.text:TMP006DataTemperatureGetRaw</name>
         <load_address>0x27b4</load_address>
         <run_address>0x27b4</run_address>
         <size>0x18</size>
         <input_file_ref idref="fl-148"/>
      </object_component>
      <object_component id="oc-55">
         <name>.text</name>
         <load_address>0x27cc</load_address>
         <run_address>0x27cc</run_address>
         <size>0x18</size>
         <input_file_ref idref="fl-13e"/>
      </object_component>
      <object_component id="oc-25c">
         <name>.text:SHT21Callback</name>
         <load_address>0x27e4</load_address>
         <run_address>0x27e4</run_address>
         <size>0x16</size>
         <input_file_ref idref="fl-147"/>
      </object_component>
      <object_component id="oc-1c1">
         <name>.text</name>
         <load_address>0x27fc</load_address>
         <run_address>0x27fc</run_address>
         <size>0x14</size>
         <input_file_ref idref="fl-13d"/>
      </object_component>
      <object_component id="oc-21a">
         <name>.text:GPIOPinTypeEthernetLED</name>
         <load_address>0x2810</load_address>
         <run_address>0x2810</run_address>
         <size>0x12</size>
         <input_file_ref idref="fl-141"/>
      </object_component>
      <object_component id="oc-1c">
         <name>.text:decompress:ZI</name>
         <load_address>0x2822</load_address>
         <run_address>0x2822</run_address>
         <size>0x12</size>
         <input_file_ref idref="fl-138"/>
      </object_component>
      <object_component id="oc-8f">
         <name>.text:IsBufferEmpty</name>
         <load_address>0x2834</load_address>
         <run_address>0x2834</run_address>
         <size>0xe</size>
         <input_file_ref idref="fl-4"/>
      </object_component>
      <object_component id="oc-16">
         <name>.text:decompress:none</name>
         <load_address>0x2842</load_address>
         <run_address>0x2842</run_address>
         <size>0xe</size>
         <input_file_ref idref="fl-136"/>
      </object_component>
      <object_component id="oc-30a">
         <name>.text:IntTrigger</name>
         <load_address>0x2850</load_address>
         <run_address>0x2850</run_address>
         <size>0xc</size>
         <input_file_ref idref="fl-142"/>
      </object_component>
      <object_component id="oc-34b">
         <name>.text:SHT21DataHumidityGetRaw</name>
         <load_address>0x285c</load_address>
         <run_address>0x285c</run_address>
         <size>0xc</size>
         <input_file_ref idref="fl-147"/>
      </object_component>
      <object_component id="oc-352">
         <name>.text:SHT21DataTemperatureGetRaw</name>
         <load_address>0x2868</load_address>
         <run_address>0x2868</run_address>
         <size>0xc</size>
         <input_file_ref idref="fl-147"/>
      </object_component>
      <object_component id="oc-47">
         <name>.text:SHT21I2CIntHandler</name>
         <load_address>0x2874</load_address>
         <run_address>0x2874</run_address>
         <size>0xc</size>
         <input_file_ref idref="fl-2"/>
      </object_component>
      <object_component id="oc-2f0">
         <name>.text:I2CMasterEnable</name>
         <load_address>0x2880</load_address>
         <run_address>0x2880</run_address>
         <size>0xa</size>
         <input_file_ref idref="fl-154"/>
      </object_component>
      <object_component id="oc-103">
         <name>.text:I2CMasterIntClear</name>
         <load_address>0x288a</load_address>
         <run_address>0x288a</run_address>
         <size>0x8</size>
         <input_file_ref idref="fl-154"/>
      </object_component>
      <object_component id="oc-248">
         <name>.text:I2CMasterIntEnableEx</name>
         <load_address>0x2892</load_address>
         <run_address>0x2892</run_address>
         <size>0x8</size>
         <input_file_ref idref="fl-154"/>
      </object_component>
      <object_component id="oc-1e2">
         <name>.text:I2CMasterSlaveAddrSet</name>
         <load_address>0x289a</load_address>
         <run_address>0x289a</run_address>
         <size>0x8</size>
         <input_file_ref idref="fl-154"/>
      </object_component>
      <object_component id="oc-36b">
         <name>.text:GPIOPinRead</name>
         <load_address>0x28a2</load_address>
         <run_address>0x28a2</run_address>
         <size>0x6</size>
         <input_file_ref idref="fl-141"/>
      </object_component>
      <object_component id="oc-24f">
         <name>.text:GPIOPinWrite</name>
         <load_address>0x28a8</load_address>
         <run_address>0x28a8</run_address>
         <size>0x6</size>
         <input_file_ref idref="fl-141"/>
      </object_component>
      <object_component id="oc-29">
         <name>.text:ResetISR</name>
         <load_address>0x28ae</load_address>
         <run_address>0x28ae</run_address>
         <size>0x6</size>
         <input_file_ref idref="fl-3"/>
      </object_component>
      <object_component id="oc-222">
         <name>.text:UARTClockSourceSet</name>
         <load_address>0x28b4</load_address>
         <run_address>0x28b4</run_address>
         <size>0x6</size>
         <input_file_ref idref="fl-144"/>
      </object_component>
      <object_component id="oc-22">
         <name>.text:decompress:rle24</name>
         <load_address>0x28ba</load_address>
         <run_address>0x28ba</run_address>
         <size>0x6</size>
         <input_file_ref idref="fl-137"/>
      </object_component>
      <object_component id="oc-109">
         <name>.text:I2CMasterControl</name>
         <load_address>0x28c0</load_address>
         <run_address>0x28c0</run_address>
         <size>0x4</size>
         <input_file_ref idref="fl-154"/>
      </object_component>
      <object_component id="oc-1d8">
         <name>.text:I2CMasterDataGet</name>
         <load_address>0x28c4</load_address>
         <run_address>0x28c4</run_address>
         <size>0x4</size>
         <input_file_ref idref="fl-154"/>
      </object_component>
      <object_component id="oc-1ea">
         <name>.text:I2CMasterDataPut</name>
         <load_address>0x28c8</load_address>
         <run_address>0x28c8</run_address>
         <size>0x4</size>
         <input_file_ref idref="fl-154"/>
      </object_component>
      <object_component id="oc-20c">
         <name>.const:g_pppui32XTALtoVCO</name>
         <load_address>0x28cc</load_address>
         <run_address>0x28cc</run_address>
         <size>0x120</size>
         <input_file_ref idref="fl-143"/>
      </object_component>
      <object_component id="oc-2f7">
         <name>.const</name>
         <load_address>0x29ec</load_address>
         <run_address>0x29ec</run_address>
         <size>0x70</size>
         <input_file_ref idref="fl-142"/>
      </object_component>
      <object_component id="oc-209">
         <name>.const:g_pui32Xtals</name>
         <load_address>0x2a5c</load_address>
         <run_address>0x2a5c</run_address>
         <size>0x6c</size>
         <input_file_ref idref="fl-143"/>
      </object_component>
      <object_component id="oc-2bd">
         <name>.const:g_sXTALtoMEMTIM</name>
         <load_address>0x2ac8</load_address>
         <run_address>0x2ac8</run_address>
         <size>0x30</size>
         <input_file_ref idref="fl-143"/>
      </object_component>
      <object_component id="oc-f3">
         <name>.const</name>
         <load_address>0x2af8</load_address>
         <run_address>0x2af8</run_address>
         <size>0x28</size>
         <input_file_ref idref="fl-4"/>
      </object_component>
      <object_component id="oc-1cf">
         <name>.const:.string</name>
         <load_address>0x2b20</load_address>
         <run_address>0x2b20</run_address>
         <size>0x12</size>
         <input_file_ref idref="fl-4"/>
      </object_component>
      <object_component id="oc-20f">
         <name>.const</name>
         <load_address>0x2b34</load_address>
         <run_address>0x2b34</run_address>
         <size>0x8</size>
         <input_file_ref idref="fl-143"/>
      </object_component>
      <object_component id="oc-3f4">
         <name>.cinit..data.load</name>
         <load_address>0x2b40</load_address>
         <run_address>0x2b40</run_address>
         <size>0x38</size>
      </object_component>
      <object_component id="oc-3f2">
         <name>__TI_handler_table</name>
         <load_address>0x2b78</load_address>
         <run_address>0x2b78</run_address>
         <size>0xc</size>
      </object_component>
      <object_component id="oc-3f5">
         <name>.cinit..bss.load</name>
         <load_address>0x2b88</load_address>
         <run_address>0x2b88</run_address>
         <size>0x8</size>
      </object_component>
      <object_component id="oc-3f3">
         <name>__TI_cinit_table</name>
         <load_address>0x2b90</load_address>
         <run_address>0x2b90</run_address>
         <size>0x10</size>
      </object_component>
      <object_component id="oc-61">
         <name>.data</name>
         <load_address>0x20000b64</load_address>
         <run_address>0x20000b64</run_address>
         <size>0x4</size>
         <input_file_ref idref="fl-13b"/>
      </object_component>
      <object_component id="oc-a1">
         <name>.data</name>
         <load_address>0x20000b30</load_address>
         <run_address>0x20000b30</run_address>
         <size>0x15</size>
         <input_file_ref idref="fl-4"/>
      </object_component>
      <object_component id="oc-d5">
         <name>.data</name>
         <load_address>0x20000b48</load_address>
         <run_address>0x20000b48</run_address>
         <size>0x8</size>
         <input_file_ref idref="fl-13d"/>
      </object_component>
      <object_component id="oc-d8">
         <name>.data</name>
         <load_address>0x20000b50</load_address>
         <run_address>0x20000b50</run_address>
         <size>0x8</size>
         <input_file_ref idref="fl-139"/>
      </object_component>
      <object_component id="oc-37d">
         <name>.data</name>
         <load_address>0x20000ac8</load_address>
         <run_address>0x20000ac8</run_address>
         <size>0x68</size>
         <input_file_ref idref="fl-14f"/>
      </object_component>
      <object_component id="oc-392">
         <name>.data</name>
         <load_address>0x20000b60</load_address>
         <run_address>0x20000b60</run_address>
         <size>0x4</size>
         <input_file_ref idref="fl-150"/>
      </object_component>
      <object_component id="oc-3ac">
         <name>.data</name>
         <load_address>0x20000b58</load_address>
         <run_address>0x20000b58</run_address>
         <size>0x8</size>
         <input_file_ref idref="fl-151"/>
      </object_component>
      <object_component id="oc-3c4">
         <name>.data:sigtable</name>
         <load_address>0x20000a18</load_address>
         <run_address>0x20000a18</run_address>
         <size>0xb0</size>
         <input_file_ref idref="fl-153"/>
      </object_component>
      <object_component id="oc-a7">
         <name>.bss:g_pcUARTRxBuffer</name>
         <uninitialized>true</uninitialized>
         <run_address>0x20000524</run_address>
         <size>0x80</size>
         <input_file_ref idref="fl-4"/>
      </object_component>
      <object_component id="oc-bb">
         <name>.bss:g_sI2CInst</name>
         <uninitialized>true</uninitialized>
         <run_address>0x20000400</run_address>
         <size>0x124</size>
         <input_file_ref idref="fl-2"/>
      </object_component>
      <object_component id="oc-f6">
         <name>.bss:g_pcUARTTxBuffer</name>
         <uninitialized>true</uninitialized>
         <run_address>0x20000000</run_address>
         <size>0x400</size>
         <input_file_ref idref="fl-4"/>
      </object_component>
      <object_component id="oc-1a7">
         <name>.bss:g_sSHT21Inst</name>
         <uninitialized>true</uninitialized>
         <run_address>0x200005d4</run_address>
         <size>0x2c</size>
         <input_file_ref idref="fl-2"/>
      </object_component>
      <object_component id="oc-1b0">
         <name>.bss:g_sTMP006Inst</name>
         <uninitialized>true</uninitialized>
         <run_address>0x200005a4</run_address>
         <size>0x30</size>
         <input_file_ref idref="fl-2"/>
      </object_component>
      <object_component id="oc-31d">
         <name>.common:g_ui32SysClock</name>
         <uninitialized>true</uninitialized>
         <run_address>0x20000604</run_address>
         <size>0x4</size>
      </object_component>
      <object_component id="oc-2b2">
         <name>.common:g_vui8DataFlag</name>
         <uninitialized>true</uninitialized>
         <run_address>0x20000608</run_address>
         <size>0x4</size>
      </object_component>
      <object_component id="oc-341">
         <name>.common:g_vui8ErrorFlag</name>
         <uninitialized>true</uninitialized>
         <run_address>0x2000060c</run_address>
         <size>0x4</size>
      </object_component>
      <object_component id="oc-a4">
         <name>.common:g_bDisableEcho</name>
         <uninitialized>true</uninitialized>
         <run_address>0x20000610</run_address>
         <size>0x1</size>
      </object_component>
      <object_component id="oc-2e8">
         <name>.common:g_ui32PortNum</name>
         <uninitialized>true</uninitialized>
         <run_address>0x20000600</run_address>
         <size>0x4</size>
      </object_component>
      <object_component id="oc-28">
         <name>.stack</name>
         <uninitialized>true</uninitialized>
         <run_address>0x20000614</run_address>
         <size>0x0</size>
         <input_file_ref idref="fl-135"/>
      </object_component>
      <object_component id="oc-3f6">
         <name>.stack</name>
         <uninitialized>true</uninitialized>
         <run_address>0x20000614</run_address>
         <size>0x0</size>
      </object_component>
      <object_component id="oc-f">
         <name>.debug_info</name>
         <load_address>0x0</load_address>
         <run_address>0x0</run_address>
         <size>0xd5</size>
         <input_file_ref idref="fl-3"/>
      </object_component>
      <object_component id="oc-13">
         <name>.debug_info</name>
         <load_address>0xd5</load_address>
         <run_address>0xd5</run_address>
         <size>0xf3</size>
         <input_file_ref idref="fl-135"/>
      </object_component>
      <object_component id="oc-1a">
         <name>.debug_info</name>
         <load_address>0x1c8</load_address>
         <run_address>0x1c8</run_address>
         <size>0x194</size>
         <input_file_ref idref="fl-136"/>
      </object_component>
      <object_component id="oc-20">
         <name>.debug_info</name>
         <load_address>0x35c</load_address>
         <run_address>0x35c</run_address>
         <size>0x16a</size>
         <input_file_ref idref="fl-138"/>
      </object_component>
      <object_component id="oc-24">
         <name>.debug_info</name>
         <load_address>0x4c6</load_address>
         <run_address>0x4c6</run_address>
         <size>0x18e</size>
         <input_file_ref idref="fl-137"/>
      </object_component>
      <object_component id="oc-2a">
         <name>.debug_info</name>
         <load_address>0x654</load_address>
         <run_address>0x654</run_address>
         <size>0x105</size>
         <input_file_ref idref="fl-3"/>
      </object_component>
      <object_component id="oc-30">
         <name>.debug_info</name>
         <load_address>0x759</load_address>
         <run_address>0x759</run_address>
         <size>0xf3</size>
         <input_file_ref idref="fl-3"/>
      </object_component>
      <object_component id="oc-36">
         <name>.debug_info</name>
         <load_address>0x84c</load_address>
         <run_address>0x84c</run_address>
         <size>0xfa</size>
         <input_file_ref idref="fl-3"/>
      </object_component>
      <object_component id="oc-3c">
         <name>.debug_info</name>
         <load_address>0x946</load_address>
         <run_address>0x946</run_address>
         <size>0x10e</size>
         <input_file_ref idref="fl-3"/>
      </object_component>
      <object_component id="oc-44">
         <name>.debug_info</name>
         <load_address>0xa54</load_address>
         <run_address>0xa54</run_address>
         <size>0x2b0</size>
         <input_file_ref idref="fl-4"/>
      </object_component>
      <object_component id="oc-49">
         <name>.debug_info</name>
         <load_address>0xd04</load_address>
         <run_address>0xd04</run_address>
         <size>0x117</size>
         <input_file_ref idref="fl-2"/>
      </object_component>
      <object_component id="oc-4f">
         <name>.debug_info</name>
         <load_address>0xe1b</load_address>
         <run_address>0xe1b</run_address>
         <size>0x14a</size>
         <input_file_ref idref="fl-3"/>
      </object_component>
      <object_component id="oc-51">
         <name>.debug_info</name>
         <load_address>0xf65</load_address>
         <run_address>0xf65</run_address>
         <size>0x13d</size>
         <input_file_ref idref="fl-13f"/>
      </object_component>
      <object_component id="oc-56">
         <name>.debug_info</name>
         <load_address>0x10a2</load_address>
         <run_address>0x10a2</run_address>
         <size>0x11c</size>
         <input_file_ref idref="fl-13e"/>
      </object_component>
      <object_component id="oc-5f">
         <name>.debug_info</name>
         <load_address>0x11be</load_address>
         <run_address>0x11be</run_address>
         <size>0x1c2</size>
         <input_file_ref idref="fl-139"/>
      </object_component>
      <object_component id="oc-62">
         <name>.debug_info</name>
         <load_address>0x1380</load_address>
         <run_address>0x1380</run_address>
         <size>0xbe</size>
         <input_file_ref idref="fl-13b"/>
      </object_component>
      <object_component id="oc-66">
         <name>.debug_info</name>
         <load_address>0x143e</load_address>
         <run_address>0x143e</run_address>
         <size>0xcc</size>
         <input_file_ref idref="fl-13a"/>
      </object_component>
      <object_component id="oc-6b">
         <name>.debug_info</name>
         <load_address>0x150a</load_address>
         <run_address>0x150a</run_address>
         <size>0x46</size>
         <input_file_ref idref="fl-136"/>
      </object_component>
      <object_component id="oc-70">
         <name>.debug_info</name>
         <load_address>0x1550</load_address>
         <run_address>0x1550</run_address>
         <size>0xf2</size>
         <input_file_ref idref="fl-136"/>
      </object_component>
      <object_component id="oc-72">
         <name>.debug_info</name>
         <load_address>0x1642</load_address>
         <run_address>0x1642</run_address>
         <size>0x46</size>
         <input_file_ref idref="fl-138"/>
      </object_component>
      <object_component id="oc-77">
         <name>.debug_info</name>
         <load_address>0x1688</load_address>
         <run_address>0x1688</run_address>
         <size>0xad</size>
         <input_file_ref idref="fl-138"/>
      </object_component>
      <object_component id="oc-7a">
         <name>.debug_info</name>
         <load_address>0x1735</load_address>
         <run_address>0x1735</run_address>
         <size>0x1ef</size>
         <input_file_ref idref="fl-137"/>
      </object_component>
      <object_component id="oc-7f">
         <name>.debug_info</name>
         <load_address>0x1924</load_address>
         <run_address>0x1924</run_address>
         <size>0xb7</size>
         <input_file_ref idref="fl-137"/>
      </object_component>
      <object_component id="oc-80">
         <name>.debug_info</name>
         <load_address>0x19db</load_address>
         <run_address>0x19db</run_address>
         <size>0x39</size>
         <input_file_ref idref="fl-137"/>
      </object_component>
      <object_component id="oc-8c">
         <name>.debug_info</name>
         <load_address>0x1a14</load_address>
         <run_address>0x1a14</run_address>
         <size>0x1f5</size>
         <input_file_ref idref="fl-4"/>
      </object_component>
      <object_component id="oc-92">
         <name>.debug_info</name>
         <load_address>0x1c09</load_address>
         <run_address>0x1c09</run_address>
         <size>0x21c</size>
         <input_file_ref idref="fl-4"/>
      </object_component>
      <object_component id="oc-98">
         <name>.debug_info</name>
         <load_address>0x1e25</load_address>
         <run_address>0x1e25</run_address>
         <size>0x232</size>
         <input_file_ref idref="fl-4"/>
      </object_component>
      <object_component id="oc-9e">
         <name>.debug_info</name>
         <load_address>0x2057</load_address>
         <run_address>0x2057</run_address>
         <size>0x24c</size>
         <input_file_ref idref="fl-4"/>
      </object_component>
      <object_component id="oc-a2">
         <name>.debug_info</name>
         <load_address>0x22a3</load_address>
         <run_address>0x22a3</run_address>
         <size>0x1de</size>
         <input_file_ref idref="fl-4"/>
      </object_component>
      <object_component id="oc-a5">
         <name>.debug_info</name>
         <load_address>0x2481</load_address>
         <run_address>0x2481</run_address>
         <size>0x19e</size>
         <input_file_ref idref="fl-4"/>
      </object_component>
      <object_component id="oc-a8">
         <name>.debug_info</name>
         <load_address>0x261f</load_address>
         <run_address>0x261f</run_address>
         <size>0xfe</size>
         <input_file_ref idref="fl-4"/>
      </object_component>
      <object_component id="oc-ab">
         <name>.debug_info</name>
         <load_address>0x271d</load_address>
         <run_address>0x271d</run_address>
         <size>0x8b</size>
         <input_file_ref idref="fl-2"/>
      </object_component>
      <object_component id="oc-b0">
         <name>.debug_info</name>
         <load_address>0x27a8</load_address>
         <run_address>0x27a8</run_address>
         <size>0x18b</size>
         <input_file_ref idref="fl-2"/>
      </object_component>
      <object_component id="oc-b6">
         <name>.debug_info</name>
         <load_address>0x2933</load_address>
         <run_address>0x2933</run_address>
         <size>0x3f3</size>
         <input_file_ref idref="fl-146"/>
      </object_component>
      <object_component id="oc-bc">
         <name>.debug_info</name>
         <load_address>0x2d26</load_address>
         <run_address>0x2d26</run_address>
         <size>0xca</size>
         <input_file_ref idref="fl-2"/>
      </object_component>
      <object_component id="oc-c1">
         <name>.debug_info</name>
         <load_address>0x2df0</load_address>
         <run_address>0x2df0</run_address>
         <size>0x84</size>
         <input_file_ref idref="fl-3"/>
      </object_component>
      <object_component id="oc-ca">
         <name>.debug_info</name>
         <load_address>0x2e74</load_address>
         <run_address>0x2e74</run_address>
         <size>0x14b</size>
         <input_file_ref idref="fl-140"/>
      </object_component>
      <object_component id="oc-cf">
         <name>.debug_info</name>
         <load_address>0x2fbf</load_address>
         <run_address>0x2fbf</run_address>
         <size>0x29b</size>
         <input_file_ref idref="fl-2"/>
      </object_component>
      <object_component id="oc-d4">
         <name>.debug_info</name>
         <load_address>0x325a</load_address>
         <run_address>0x325a</run_address>
         <size>0x11b</size>
         <input_file_ref idref="fl-13e"/>
      </object_component>
      <object_component id="oc-d6">
         <name>.debug_info</name>
         <load_address>0x3375</load_address>
         <run_address>0x3375</run_address>
         <size>0xc8</size>
         <input_file_ref idref="fl-13d"/>
      </object_component>
      <object_component id="oc-d9">
         <name>.debug_info</name>
         <load_address>0x343d</load_address>
         <run_address>0x343d</run_address>
         <size>0xeb</size>
         <input_file_ref idref="fl-139"/>
      </object_component>
      <object_component id="oc-dc">
         <name>.debug_info</name>
         <load_address>0x3528</load_address>
         <run_address>0x3528</run_address>
         <size>0x146</size>
         <input_file_ref idref="fl-139"/>
      </object_component>
      <object_component id="oc-e1">
         <name>.debug_info</name>
         <load_address>0x366e</load_address>
         <run_address>0x366e</run_address>
         <size>0x2c</size>
         <input_file_ref idref="fl-136"/>
      </object_component>
      <object_component id="oc-e8">
         <name>.debug_info</name>
         <load_address>0x369a</load_address>
         <run_address>0x369a</run_address>
         <size>0x2c</size>
         <input_file_ref idref="fl-138"/>
      </object_component>
      <object_component id="oc-f4">
         <name>.debug_info</name>
         <load_address>0x36c6</load_address>
         <run_address>0x36c6</run_address>
         <size>0x172</size>
         <input_file_ref idref="fl-4"/>
      </object_component>
      <object_component id="oc-f7">
         <name>.debug_info</name>
         <load_address>0x3838</load_address>
         <run_address>0x3838</run_address>
         <size>0xfe</size>
         <input_file_ref idref="fl-4"/>
      </object_component>
      <object_component id="oc-105">
         <name>.debug_info</name>
         <load_address>0x3936</load_address>
         <run_address>0x3936</run_address>
         <size>0x252</size>
         <input_file_ref idref="fl-154"/>
      </object_component>
      <object_component id="oc-10b">
         <name>.debug_info</name>
         <load_address>0x3b88</load_address>
         <run_address>0x3b88</run_address>
         <size>0x27e</size>
         <input_file_ref idref="fl-154"/>
      </object_component>
      <object_component id="oc-110">
         <name>.debug_info</name>
         <load_address>0x3e06</load_address>
         <run_address>0x3e06</run_address>
         <size>0x32c</size>
         <input_file_ref idref="fl-146"/>
      </object_component>
      <object_component id="oc-116">
         <name>.debug_info</name>
         <load_address>0x4132</load_address>
         <run_address>0x4132</run_address>
         <size>0x2a1</size>
         <input_file_ref idref="fl-146"/>
      </object_component>
      <object_component id="oc-11c">
         <name>.debug_info</name>
         <load_address>0x43d3</load_address>
         <run_address>0x43d3</run_address>
         <size>0x2ba</size>
         <input_file_ref idref="fl-146"/>
      </object_component>
      <object_component id="oc-122">
         <name>.debug_info</name>
         <load_address>0x468d</load_address>
         <run_address>0x468d</run_address>
         <size>0x2c7</size>
         <input_file_ref idref="fl-146"/>
      </object_component>
      <object_component id="oc-128">
         <name>.debug_info</name>
         <load_address>0x4954</load_address>
         <run_address>0x4954</run_address>
         <size>0x2c5</size>
         <input_file_ref idref="fl-146"/>
      </object_component>
      <object_component id="oc-12e">
         <name>.debug_info</name>
         <load_address>0x4c19</load_address>
         <run_address>0x4c19</run_address>
         <size>0x2bf</size>
         <input_file_ref idref="fl-146"/>
      </object_component>
      <object_component id="oc-134">
         <name>.debug_info</name>
         <load_address>0x4ed8</load_address>
         <run_address>0x4ed8</run_address>
         <size>0x2bb</size>
         <input_file_ref idref="fl-146"/>
      </object_component>
      <object_component id="oc-13a">
         <name>.debug_info</name>
         <load_address>0x5193</load_address>
         <run_address>0x5193</run_address>
         <size>0x2ea</size>
         <input_file_ref idref="fl-146"/>
      </object_component>
      <object_component id="oc-140">
         <name>.debug_info</name>
         <load_address>0x547d</load_address>
         <run_address>0x547d</run_address>
         <size>0x2e0</size>
         <input_file_ref idref="fl-146"/>
      </object_component>
      <object_component id="oc-146">
         <name>.debug_info</name>
         <load_address>0x575d</load_address>
         <run_address>0x575d</run_address>
         <size>0x2c7</size>
         <input_file_ref idref="fl-146"/>
      </object_component>
      <object_component id="oc-14c">
         <name>.debug_info</name>
         <load_address>0x5a24</load_address>
         <run_address>0x5a24</run_address>
         <size>0x32d</size>
         <input_file_ref idref="fl-146"/>
      </object_component>
      <object_component id="oc-152">
         <name>.debug_info</name>
         <load_address>0x5d51</load_address>
         <run_address>0x5d51</run_address>
         <size>0x44b</size>
         <input_file_ref idref="fl-146"/>
      </object_component>
      <object_component id="oc-155">
         <name>.debug_info</name>
         <load_address>0x619c</load_address>
         <run_address>0x619c</run_address>
         <size>0x4e6</size>
         <input_file_ref idref="fl-2"/>
      </object_component>
      <object_component id="oc-15b">
         <name>.debug_info</name>
         <load_address>0x6682</load_address>
         <run_address>0x6682</run_address>
         <size>0x148</size>
         <input_file_ref idref="fl-140"/>
      </object_component>
      <object_component id="oc-15e">
         <name>.debug_info</name>
         <load_address>0x67ca</load_address>
         <run_address>0x67ca</run_address>
         <size>0x4ce</size>
         <input_file_ref idref="fl-143"/>
      </object_component>
      <object_component id="oc-164">
         <name>.debug_info</name>
         <load_address>0x6c98</load_address>
         <run_address>0x6c98</run_address>
         <size>0x38e</size>
         <input_file_ref idref="fl-6"/>
      </object_component>
      <object_component id="oc-16a">
         <name>.debug_info</name>
         <load_address>0x7026</load_address>
         <run_address>0x7026</run_address>
         <size>0x14f</size>
         <input_file_ref idref="fl-2"/>
      </object_component>
      <object_component id="oc-171">
         <name>.debug_info</name>
         <load_address>0x7175</load_address>
         <run_address>0x7175</run_address>
         <size>0x1b4</size>
         <input_file_ref idref="fl-4"/>
      </object_component>
      <object_component id="oc-175">
         <name>.debug_info</name>
         <load_address>0x7329</load_address>
         <run_address>0x7329</run_address>
         <size>0x350</size>
         <input_file_ref idref="fl-146"/>
      </object_component>
      <object_component id="oc-17b">
         <name>.debug_info</name>
         <load_address>0x7679</load_address>
         <run_address>0x7679</run_address>
         <size>0x2be</size>
         <input_file_ref idref="fl-6"/>
      </object_component>
      <object_component id="oc-181">
         <name>.debug_info</name>
         <load_address>0x7937</load_address>
         <run_address>0x7937</run_address>
         <size>0x327</size>
         <input_file_ref idref="fl-147"/>
      </object_component>
      <object_component id="oc-187">
         <name>.debug_info</name>
         <load_address>0x7c5e</load_address>
         <run_address>0x7c5e</run_address>
         <size>0x32c</size>
         <input_file_ref idref="fl-148"/>
      </object_component>
      <object_component id="oc-18e">
         <name>.debug_info</name>
         <load_address>0x7f8a</load_address>
         <run_address>0x7f8a</run_address>
         <size>0x18f</size>
         <input_file_ref idref="fl-2"/>
      </object_component>
      <object_component id="oc-194">
         <name>.debug_info</name>
         <load_address>0x8119</load_address>
         <run_address>0x8119</run_address>
         <size>0x274</size>
         <input_file_ref idref="fl-2"/>
      </object_component>
      <object_component id="oc-19b">
         <name>.debug_info</name>
         <load_address>0x838d</load_address>
         <run_address>0x838d</run_address>
         <size>0x208</size>
         <input_file_ref idref="fl-4"/>
      </object_component>
      <object_component id="oc-1a0">
         <name>.debug_info</name>
         <load_address>0x8595</load_address>
         <run_address>0x8595</run_address>
         <size>0x333</size>
         <input_file_ref idref="fl-2"/>
      </object_component>
      <object_component id="oc-1a5">
         <name>.debug_info</name>
         <load_address>0x88c8</load_address>
         <run_address>0x88c8</run_address>
         <size>0x689</size>
         <input_file_ref idref="fl-2"/>
      </object_component>
      <object_component id="oc-1a8">
         <name>.debug_info</name>
         <load_address>0x8f51</load_address>
         <run_address>0x8f51</run_address>
         <size>0xce</size>
         <input_file_ref idref="fl-2"/>
      </object_component>
      <object_component id="oc-1ab">
         <name>.debug_info</name>
         <load_address>0x901f</load_address>
         <run_address>0x901f</run_address>
         <size>0x16a</size>
         <input_file_ref idref="fl-2"/>
      </object_component>
      <object_component id="oc-1b1">
         <name>.debug_info</name>
         <load_address>0x9189</load_address>
         <run_address>0x9189</run_address>
         <size>0xd0</size>
         <input_file_ref idref="fl-2"/>
      </object_component>
      <object_component id="oc-1b4">
         <name>.debug_info</name>
         <load_address>0x9259</load_address>
         <run_address>0x9259</run_address>
         <size>0x15d</size>
         <input_file_ref idref="fl-2"/>
      </object_component>
      <object_component id="oc-1bc">
         <name>.debug_info</name>
         <load_address>0x93b6</load_address>
         <run_address>0x93b6</run_address>
         <size>0x5e</size>
         <input_file_ref idref="fl-13e"/>
      </object_component>
      <object_component id="oc-1c2">
         <name>.debug_info</name>
         <load_address>0x9414</load_address>
         <run_address>0x9414</run_address>
         <size>0x1d4</size>
         <input_file_ref idref="fl-13d"/>
      </object_component>
      <object_component id="oc-1c9">
         <name>.debug_info</name>
         <load_address>0x95e8</load_address>
         <run_address>0x95e8</run_address>
         <size>0xd9</size>
         <input_file_ref idref="fl-13d"/>
      </object_component>
      <object_component id="oc-1d5">
         <name>.debug_info</name>
         <load_address>0x96c1</load_address>
         <run_address>0x96c1</run_address>
         <size>0x231</size>
         <input_file_ref idref="fl-154"/>
      </object_component>
      <object_component id="oc-1da">
         <name>.debug_info</name>
         <load_address>0x98f2</load_address>
         <run_address>0x98f2</run_address>
         <size>0x254</size>
         <input_file_ref idref="fl-154"/>
      </object_component>
      <object_component id="oc-1e4">
         <name>.debug_info</name>
         <load_address>0x9b46</load_address>
         <run_address>0x9b46</run_address>
         <size>0x2ce</size>
         <input_file_ref idref="fl-154"/>
      </object_component>
      <object_component id="oc-1ec">
         <name>.debug_info</name>
         <load_address>0x9e14</load_address>
         <run_address>0x9e14</run_address>
         <size>0x27e</size>
         <input_file_ref idref="fl-154"/>
      </object_component>
      <object_component id="oc-1f8">
         <name>.debug_info</name>
         <load_address>0xa092</load_address>
         <run_address>0xa092</run_address>
         <size>0xcd</size>
         <input_file_ref idref="fl-140"/>
      </object_component>
      <object_component id="oc-1ff">
         <name>.debug_info</name>
         <load_address>0xa15f</load_address>
         <run_address>0xa15f</run_address>
         <size>0x270</size>
         <input_file_ref idref="fl-143"/>
      </object_component>
      <object_component id="oc-205">
         <name>.debug_info</name>
         <load_address>0xa3cf</load_address>
         <run_address>0xa3cf</run_address>
         <size>0x2ba</size>
         <input_file_ref idref="fl-143"/>
      </object_component>
      <object_component id="oc-20a">
         <name>.debug_info</name>
         <load_address>0xa689</load_address>
         <run_address>0xa689</run_address>
         <size>0x14d</size>
         <input_file_ref idref="fl-143"/>
      </object_component>
      <object_component id="oc-20d">
         <name>.debug_info</name>
         <load_address>0xa7d6</load_address>
         <run_address>0xa7d6</run_address>
         <size>0x159</size>
         <input_file_ref idref="fl-143"/>
      </object_component>
      <object_component id="oc-210">
         <name>.debug_info</name>
         <load_address>0xa92f</load_address>
         <run_address>0xa92f</run_address>
         <size>0x160</size>
         <input_file_ref idref="fl-143"/>
      </object_component>
      <object_component id="oc-213">
         <name>.debug_info</name>
         <load_address>0xaa8f</load_address>
         <run_address>0xaa8f</run_address>
         <size>0x27f</size>
         <input_file_ref idref="fl-143"/>
      </object_component>
      <object_component id="oc-217">
         <name>.debug_info</name>
         <load_address>0xad0e</load_address>
         <run_address>0xad0e</run_address>
         <size>0x316</size>
         <input_file_ref idref="fl-141"/>
      </object_component>
      <object_component id="oc-21c">
         <name>.debug_info</name>
         <load_address>0xb024</load_address>
         <run_address>0xb024</run_address>
         <size>0x2b9</size>
         <input_file_ref idref="fl-141"/>
      </object_component>
      <object_component id="oc-221">
         <name>.debug_info</name>
         <load_address>0xb2dd</load_address>
         <run_address>0xb2dd</run_address>
         <size>0x205</size>
         <input_file_ref idref="fl-6"/>
      </object_component>
      <object_component id="oc-225">
         <name>.debug_info</name>
         <load_address>0xb4e2</load_address>
         <run_address>0xb4e2</run_address>
         <size>0x291</size>
         <input_file_ref idref="fl-144"/>
      </object_component>
      <object_component id="oc-22b">
         <name>.debug_info</name>
         <load_address>0xb773</load_address>
         <run_address>0xb773</run_address>
         <size>0x28a</size>
         <input_file_ref idref="fl-4"/>
      </object_component>
      <object_component id="oc-233">
         <name>.debug_info</name>
         <load_address>0xb9fd</load_address>
         <run_address>0xb9fd</run_address>
         <size>0x319</size>
         <input_file_ref idref="fl-4"/>
      </object_component>
      <object_component id="oc-237">
         <name>.debug_info</name>
         <load_address>0xbd16</load_address>
         <run_address>0xbd16</run_address>
         <size>0x4e</size>
         <input_file_ref idref="fl-2"/>
      </object_component>
      <object_component id="oc-23e">
         <name>.debug_info</name>
         <load_address>0xbd64</load_address>
         <run_address>0xbd64</run_address>
         <size>0x2e8</size>
         <input_file_ref idref="fl-154"/>
      </object_component>
      <object_component id="oc-244">
         <name>.debug_info</name>
         <load_address>0xc04c</load_address>
         <run_address>0xc04c</run_address>
         <size>0x268</size>
         <input_file_ref idref="fl-142"/>
      </object_component>
      <object_component id="oc-24a">
         <name>.debug_info</name>
         <load_address>0xc2b4</load_address>
         <run_address>0xc2b4</run_address>
         <size>0x29a</size>
         <input_file_ref idref="fl-154"/>
      </object_component>
      <object_component id="oc-252">
         <name>.debug_info</name>
         <load_address>0xc54e</load_address>
         <run_address>0xc54e</run_address>
         <size>0x2a3</size>
         <input_file_ref idref="fl-141"/>
      </object_component>
      <object_component id="oc-257">
         <name>.debug_info</name>
         <load_address>0xc7f1</load_address>
         <run_address>0xc7f1</run_address>
         <size>0x484</size>
         <input_file_ref idref="fl-146"/>
      </object_component>
      <object_component id="oc-25d">
         <name>.debug_info</name>
         <load_address>0xcc75</load_address>
         <run_address>0xcc75</run_address>
         <size>0x2b6</size>
         <input_file_ref idref="fl-147"/>
      </object_component>
      <object_component id="oc-263">
         <name>.debug_info</name>
         <load_address>0xcf2b</load_address>
         <run_address>0xcf2b</run_address>
         <size>0x364</size>
         <input_file_ref idref="fl-147"/>
      </object_component>
      <object_component id="oc-265">
         <name>.debug_info</name>
         <load_address>0xd28f</load_address>
         <run_address>0xd28f</run_address>
         <size>0x2cd</size>
         <input_file_ref idref="fl-148"/>
      </object_component>
      <object_component id="oc-26b">
         <name>.debug_info</name>
         <load_address>0xd55c</load_address>
         <run_address>0xd55c</run_address>
         <size>0x38d</size>
         <input_file_ref idref="fl-148"/>
      </object_component>
      <object_component id="oc-26e">
         <name>.debug_info</name>
         <load_address>0xd8e9</load_address>
         <run_address>0xd8e9</run_address>
         <size>0x1e7</size>
         <input_file_ref idref="fl-2"/>
      </object_component>
      <object_component id="oc-276">
         <name>.debug_info</name>
         <load_address>0xdad0</load_address>
         <run_address>0xdad0</run_address>
         <size>0x572</size>
         <input_file_ref idref="fl-148"/>
      </object_component>
      <object_component id="oc-27d">
         <name>.debug_info</name>
         <load_address>0xe042</load_address>
         <run_address>0xe042</run_address>
         <size>0x1aa</size>
         <input_file_ref idref="fl-2"/>
      </object_component>
      <object_component id="oc-286">
         <name>.debug_info</name>
         <load_address>0xe1ec</load_address>
         <run_address>0xe1ec</run_address>
         <size>0x32f</size>
         <input_file_ref idref="fl-147"/>
      </object_component>
      <object_component id="oc-28c">
         <name>.debug_info</name>
         <load_address>0xe51b</load_address>
         <run_address>0xe51b</run_address>
         <size>0x2e6</size>
         <input_file_ref idref="fl-147"/>
      </object_component>
      <object_component id="oc-292">
         <name>.debug_info</name>
         <load_address>0xe801</load_address>
         <run_address>0xe801</run_address>
         <size>0x33d</size>
         <input_file_ref idref="fl-147"/>
      </object_component>
      <object_component id="oc-298">
         <name>.debug_info</name>
         <load_address>0xeb3e</load_address>
         <run_address>0xeb3e</run_address>
         <size>0x358</size>
         <input_file_ref idref="fl-147"/>
      </object_component>
      <object_component id="oc-2a1">
         <name>.debug_info</name>
         <load_address>0xee96</load_address>
         <run_address>0xee96</run_address>
         <size>0x130</size>
         <input_file_ref idref="fl-2"/>
      </object_component>
      <object_component id="oc-2a6">
         <name>.debug_info</name>
         <load_address>0xefc6</load_address>
         <run_address>0xefc6</run_address>
         <size>0x130</size>
         <input_file_ref idref="fl-2"/>
      </object_component>
      <object_component id="oc-2be">
         <name>.debug_info</name>
         <load_address>0xf0f6</load_address>
         <run_address>0xf0f6</run_address>
         <size>0x153</size>
         <input_file_ref idref="fl-143"/>
      </object_component>
      <object_component id="oc-2ca">
         <name>.debug_info</name>
         <load_address>0xf249</load_address>
         <run_address>0xf249</run_address>
         <size>0x5f</size>
         <input_file_ref idref="fl-143"/>
      </object_component>
      <object_component id="oc-2d0">
         <name>.debug_info</name>
         <load_address>0xf2a8</load_address>
         <run_address>0xf2a8</run_address>
         <size>0x230</size>
         <input_file_ref idref="fl-141"/>
      </object_component>
      <object_component id="oc-2d4">
         <name>.debug_info</name>
         <load_address>0xf4d8</load_address>
         <run_address>0xf4d8</run_address>
         <size>0x2b3</size>
         <input_file_ref idref="fl-141"/>
      </object_component>
      <object_component id="oc-2db">
         <name>.debug_info</name>
         <load_address>0xf78b</load_address>
         <run_address>0xf78b</run_address>
         <size>0x227</size>
         <input_file_ref idref="fl-144"/>
      </object_component>
      <object_component id="oc-2df">
         <name>.debug_info</name>
         <load_address>0xf9b2</load_address>
         <run_address>0xf9b2</run_address>
         <size>0x199</size>
         <input_file_ref idref="fl-4"/>
      </object_component>
      <object_component id="oc-2e5">
         <name>.debug_info</name>
         <load_address>0xfb4b</load_address>
         <run_address>0xfb4b</run_address>
         <size>0x1e5</size>
         <input_file_ref idref="fl-4"/>
      </object_component>
      <object_component id="oc-2eb">
         <name>.debug_info</name>
         <load_address>0xfd30</load_address>
         <run_address>0xfd30</run_address>
         <size>0x137</size>
         <input_file_ref idref="fl-13c"/>
      </object_component>
      <object_component id="oc-2f2">
         <name>.debug_info</name>
         <load_address>0xfe67</load_address>
         <run_address>0xfe67</run_address>
         <size>0x24e</size>
         <input_file_ref idref="fl-154"/>
      </object_component>
      <object_component id="oc-2f8">
         <name>.debug_info</name>
         <load_address>0x100b5</load_address>
         <run_address>0x100b5</run_address>
         <size>0x210</size>
         <input_file_ref idref="fl-142"/>
      </object_component>
      <object_component id="oc-2fb">
         <name>.debug_info</name>
         <load_address>0x102c5</load_address>
         <run_address>0x102c5</run_address>
         <size>0x20e</size>
         <input_file_ref idref="fl-142"/>
      </object_component>
      <object_component id="oc-300">
         <name>.debug_info</name>
         <load_address>0x104d3</load_address>
         <run_address>0x104d3</run_address>
         <size>0x2a1</size>
         <input_file_ref idref="fl-142"/>
      </object_component>
      <object_component id="oc-306">
         <name>.debug_info</name>
         <load_address>0x10774</load_address>
         <run_address>0x10774</run_address>
         <size>0x26a</size>
         <input_file_ref idref="fl-142"/>
      </object_component>
      <object_component id="oc-30b">
         <name>.debug_info</name>
         <load_address>0x109de</load_address>
         <run_address>0x109de</run_address>
         <size>0x26a</size>
         <input_file_ref idref="fl-142"/>
      </object_component>
      <object_component id="oc-319">
         <name>.debug_info</name>
         <load_address>0x10c48</load_address>
         <run_address>0x10c48</run_address>
         <size>0x281</size>
         <input_file_ref idref="fl-6"/>
      </object_component>
      <object_component id="oc-321">
         <name>.debug_info</name>
         <load_address>0x10ec9</load_address>
         <run_address>0x10ec9</run_address>
         <size>0x2df</size>
         <input_file_ref idref="fl-148"/>
      </object_component>
      <object_component id="oc-327">
         <name>.debug_info</name>
         <load_address>0x111a8</load_address>
         <run_address>0x111a8</run_address>
         <size>0xdf</size>
         <input_file_ref idref="fl-14c"/>
      </object_component>
      <object_component id="oc-32c">
         <name>.debug_info</name>
         <load_address>0x11287</load_address>
         <run_address>0x11287</run_address>
         <size>0xed</size>
         <input_file_ref idref="fl-14a"/>
      </object_component>
      <object_component id="oc-331">
         <name>.debug_info</name>
         <load_address>0x11374</load_address>
         <run_address>0x11374</run_address>
         <size>0xff</size>
         <input_file_ref idref="fl-149"/>
      </object_component>
      <object_component id="oc-336">
         <name>.debug_info</name>
         <load_address>0x11473</load_address>
         <run_address>0x11473</run_address>
         <size>0xe8</size>
         <input_file_ref idref="fl-14b"/>
      </object_component>
      <object_component id="oc-33b">
         <name>.debug_info</name>
         <load_address>0x1155b</load_address>
         <run_address>0x1155b</run_address>
         <size>0x10d</size>
         <input_file_ref idref="fl-14d"/>
      </object_component>
      <object_component id="oc-344">
         <name>.debug_info</name>
         <load_address>0x11668</load_address>
         <run_address>0x11668</run_address>
         <size>0x39f</size>
         <input_file_ref idref="fl-146"/>
      </object_component>
      <object_component id="oc-34c">
         <name>.debug_info</name>
         <load_address>0x11a07</load_address>
         <run_address>0x11a07</run_address>
         <size>0x2a2</size>
         <input_file_ref idref="fl-147"/>
      </object_component>
      <object_component id="oc-353">
         <name>.debug_info</name>
         <load_address>0x11ca9</load_address>
         <run_address>0x11ca9</run_address>
         <size>0x2b4</size>
         <input_file_ref idref="fl-147"/>
      </object_component>
      <object_component id="oc-36d">
         <name>.debug_info</name>
         <load_address>0x11f5d</load_address>
         <run_address>0x11f5d</run_address>
         <size>0x27b</size>
         <input_file_ref idref="fl-141"/>
      </object_component>
      <object_component id="oc-378">
         <name>.debug_info</name>
         <load_address>0x121d8</load_address>
         <run_address>0x121d8</run_address>
         <size>0x127</size>
         <input_file_ref idref="fl-14e"/>
      </object_component>
[...]
               <size>0x150</size>
               <logical_group_ref idref="lg-a"/>
            </allocated_space>
            <available_space>
               <start_address>0x20000b68</start_address>
               <size>0x3f498</size>
            </available_space>
         </usage_details>
      </memory_area>
   </placement_map>
   <cptbl_list>
      <cptbl>
         <name>__TI_cinit_table</name>
         <cprec>
            <name>.data</name>
            <load_address>0x2b40</load_address>
            <load_size>0x38</load_size>
            <run_address>0x20000a18</run_address>
            <run_size>0x150</run_size>
            <compression>rle</compression>
         </cprec>
         <cprec>
            <name>.bss</name>
            <load_address>0x2b88</load_address>
            <load_size>0x8</load_size>
            <run_address>0x20000000</run_address>
            <run_size>0x611</run_size>
            <compression>zero_init</compression>
         </cprec>
      </cptbl>
   </cptbl_list>
   <handler_table>
      <handler_table_name>__TI_handler_table</handler_table_name>
      <handler>
         <index>0x0</index>
         <name>__TI_decompress_rle24</name>
      </handler>
      <handler>
         <index>0x1</index>
         <name>__TI_decompress_none</name>
      </handler>
      <handler>
         <index>0x2</index>
         <name>__TI_zero_init</name>
      </handler>
   </handler_table>
   <symbol_table>
      <symbol id="sm-1">
         <name>__STACK_TOP</name>
         <value>0x20000a14</value>
      </symbol>
      <symbol id="sm-2">
         <name>__TI_CINIT_Base</name>
         <value>0x2b90</value>
      </symbol>
      <symbol id="sm-3">
         <name>__TI_CINIT_Limit</name>
         <value>0x2ba0</value>
      </symbol>
      <symbol id="sm-4">
         <name>__TI_Handler_Table_Base</name>
         <value>0x2b78</value>
      </symbol>
      <symbol id="sm-5">
         <name>__TI_Handler_Table_Limit</name>
         <value>0x2b84</value>
      </symbol>
      <symbol id="sm-6">
         <name>binit</name>
         <value>0xffffffff</value>
      </symbol>
      <symbol id="sm-7">
         <name>__binit__</name>
         <value>0xffffffff</value>
      </symbol>
      <symbol id="sm-8">
         <name>__STACK_SIZE</name>
         <value>0x400</value>
      </symbol>
      <symbol id="sm-9">
         <name>__STACK_END</name>
         <value>0x20000a14</value>
      </symbol>
      <symbol id="sm-a">
         <name>__c_args__</name>
         <value>0xffffffff</value>
      </symbol>
      <symbol id="sm-fb">
         <name>g_ui32SysClock</name>
         <value>0x20000604</value>
      </symbol>
      <symbol id="sm-fc">
         <name>g_vui8DataFlag</name>
         <value>0x20000608</value>
      </symbol>
      <symbol id="sm-fd">
         <name>g_vui8ErrorFlag</name>
         <value>0x2000060c</value>
      </symbol>
      <symbol id="sm-fe">
         <name>SHT21I2CIntHandler</name>
         <value>0x2875</value>
         <object_component_ref idref="oc-47"/>
      </symbol>
      <symbol id="sm-ff">
         <name>g_sSHT21Inst</name>
         <value>0x200005d4</value>
         <object_component_ref idref="oc-1a7"/>
      </symbol>
      <symbol id="sm-100">
         <name>SHT21AppCallback</name>
         <value>0x26cd</value>
         <object_component_ref idref="oc-1aa"/>
      </symbol>
      <symbol id="sm-101">
         <name>printTemperatureData</name>
         <value>0x11d5</value>
         <object_component_ref idref="oc-192"/>
      </symbol>
      <symbol id="sm-102">
         <name>g_sI2CInst</name>
         <value>0x20000400</value>
         <object_component_ref idref="oc-bb"/>
      </symbol>
      <symbol id="sm-103">
         <name>TMP006AppCallback</name>
         <value>0x279d</value>
         <object_component_ref idref="oc-1b3"/>
      </symbol>
      <symbol id="sm-104">
         <name>main</name>
         <value>0x619</value>
         <object_component_ref idref="oc-cd"/>
      </symbol>
      <symbol id="sm-105">
         <name>ConfigureUART</name>
         <value>0x1b31</value>
         <object_component_ref idref="oc-168"/>
      </symbol>
      <symbol id="sm-106">
         <name>printHumidityData</name>
         <value>0xbd5</value>
         <object_component_ref idref="oc-19e"/>
      </symbol>
      <symbol id="sm-107">
         <name>TMP006AppErrorHandler</name>
         <value>0x1819</value>
         <object_component_ref idref="oc-27b"/>
      </symbol>
      <symbol id="sm-108">
         <name>g_sTMP006Inst</name>
         <value>0x200005a4</value>
         <object_component_ref idref="oc-1b0"/>
      </symbol>
      <symbol id="sm-109">
         <name>SHT21AppErrorHandler</name>
         <value>0x14c9</value>
         <object_component_ref idref="oc-26c"/>
      </symbol>
      <symbol id="sm-10a">
         <name>SHT21AppI2CWait</name>
         <value>0x22d5</value>
         <object_component_ref idref="oc-18c"/>
      </symbol>
      <symbol id="sm-140">
         <name>ResetISR</name>
         <value>0x28af</value>
         <object_component_ref idref="oc-29"/>
      </symbol>
      <symbol id="sm-141">
         <name>g_pfnVectors</name>
         <value>0x0</value>
         <object_component_ref idref="oc-e"/>
      </symbol>
      <symbol id="sm-238">
         <name>UARTFlushRx</name>
         <value>0x264d</value>
         <object_component_ref idref="oc-2dc"/>
      </symbol>
      <symbol id="sm-239">
         <name>UARTgets</name>
         <value>0x1f55</value>
         <object_component_ref idref="oc-198"/>
      </symbol>
      <symbol id="sm-23a">
         <name>UARTFlushTx</name>
         <value>0x24a5</value>
         <object_component_ref idref="oc-2e2"/>
      </symbol>
      <symbol id="sm-23b">
         <name>UARTStdioConfig</name>
         <value>0x158d</value>
         <object_component_ref idref="oc-228"/>
      </symbol>
      <symbol id="sm-23c">
         <name>UARTStdioIntHandler</name>
         <value>0xf45</value>
         <object_component_ref idref="oc-41"/>
      </symbol>
      <symbol id="sm-23d">
         <name>UARTwrite</name>
         <value>0x163d</value>
         <object_component_ref idref="oc-95"/>
      </symbol>
      <symbol id="sm-23e">
         <name>UARTprintf</name>
         <value>0x276b</value>
         <object_component_ref idref="oc-16e"/>
      </symbol>
      <symbol id="sm-23f">
         <name>UARTvprintf</name>
         <value>0x805</value>
         <object_component_ref idref="oc-230"/>
      </symbol>
      <symbol id="sm-27c">
         <name>LEDWrite</name>
         <value>0x1ac5</value>
         <object_component_ref idref="oc-17a"/>
      </symbol>
      <symbol id="sm-27d">
         <name>LEDRead</name>
         <value>0x1ccd</value>
         <object_component_ref idref="oc-317"/>
      </symbol>
      <symbol id="sm-27e">
         <name>PinoutSet</name>
         <value>0x201</value>
         <object_component_ref idref="oc-162"/>
      </symbol>
      <symbol id="sm-28e">
         <name>_c_int00</name>
         <value>0x2249</value>
         <object_component_ref idref="oc-11"/>
      </symbol>
      <symbol id="sm-28f">
         <name>__stack</name>
         <value>0x20000614</value>
         <object_component_ref idref="oc-28"/>
      </symbol>
      <symbol id="sm-2a6">
         <name>__TI_decompress_none</name>
         <value>0x2843</value>
         <object_component_ref idref="oc-16"/>
      </symbol>
      <symbol id="sm-2ca">
         <name>__TI_decompress_rle24</name>
         <value>0x28bb</value>
         <object_component_ref idref="oc-22"/>
      </symbol>
      <symbol id="sm-2e3">
         <name>__TI_zero_init</name>
         <value>0x2823</value>
         <object_component_ref idref="oc-1c"/>
      </symbol>
      <symbol id="sm-302">
         <name>C$$EXIT</name>
         <value>0x235d</value>
         <object_component_ref idref="oc-5b"/>
      </symbol>
      <symbol id="sm-303">
         <name>abort</name>
         <value>0x2361</value>
         <object_component_ref idref="oc-5b"/>
      </symbol>
      <symbol id="sm-304">
         <name>exit</name>
         <value>0x2369</value>
         <object_component_ref idref="oc-5b"/>
      </symbol>
      <symbol id="sm-305">
         <name>__TI_dtors_ptr</name>
         <value>0x20000b54</value>
         <object_component_ref idref="oc-d8"/>
      </symbol>
      <symbol id="sm-306">
         <name>__TI_cleanup_ptr</name>
         <value>0x20000b50</value>
         <object_component_ref idref="oc-d8"/>
      </symbol>
      <symbol id="sm-321">
         <name>memcpy</name>
         <value>0x16e5</value>
         <object_component_ref idref="oc-65"/>
      </symbol>
      <symbol id="sm-322">
         <name>__aeabi_memcpy</name>
         <value>0x16e5</value>
         <object_component_ref idref="oc-65"/>
      </symbol>
      <symbol id="sm-323">
         <name>__aeabi_memcpy8</name>
         <value>0x16e5</value>
         <object_component_ref idref="oc-65"/>
      </symbol>
      <symbol id="sm-324">
         <name>__aeabi_memcpy4</name>
         <value>0x16e5</value>
         <object_component_ref idref="oc-65"/>
      </symbol>
      <symbol id="sm-32c">
         <name>main_func_sp</name>
         <value>0x20000b64</value>
         <object_component_ref idref="oc-61"/>
      </symbol>
      <symbol id="sm-33c">
         <name>__aeabi_uidivmod</name>
         <value>0x23a1</value>
         <object_component_ref idref="oc-2ea"/>
      </symbol>
      <symbol id="sm-355">
         <name>_nop</name>
         <value>0x280b</value>
         <object_component_ref idref="oc-1c1"/>
      </symbol>
      <symbol id="sm-356">
         <name>_lock</name>
         <value>0x20000b48</value>
         <object_component_ref idref="oc-d5"/>
      </symbol>
      <symbol id="sm-357">
         <name>_unlock</name>
         <value>0x20000b4c</value>
         <object_component_ref idref="oc-d5"/>
      </symbol>
      <symbol id="sm-358">
         <name>_register_lock</name>
         <value>0x2803</value>
         <object_component_ref idref="oc-1c1"/>
      </symbol>
      <symbol id="sm-359">
         <name>_register_unlock</name>
         <value>0x27fd</value>
         <object_component_ref idref="oc-1c1"/>
      </symbol>
      <symbol id="sm-36d">
         <name>_args_main</name>
         <value>0x27cd</value>
         <object_component_ref idref="oc-55"/>
      </symbol>
      <symbol id="sm-38a">
         <name>__TI_auto_init</name>
         <value>0x18ad</value>
         <object_component_ref idref="oc-50"/>
      </symbol>
      <symbol id="sm-3a3">
         <name>copy_in</name>
         <value>0x2319</value>
         <object_component_ref idref="oc-c6"/>
      </symbol>
      <symbol id="sm-3d2">
         <name>GPIOPinRead</name>
         <value>0x28a3</value>
         <object_component_ref idref="oc-36b"/>
      </symbol>
      <symbol id="sm-3d3">
         <name>GPIODirModeSet</name>
         <value>0x2679</value>
         <object_component_ref idref="oc-2d1"/>
      </symbol>
      <symbol id="sm-3d4">
         <name>GPIOPinWrite</name>
         <value>0x28a9</value>
         <object_component_ref idref="oc-24f"/>
      </symbol>
      <symbol id="sm-3d5">
         <name>GPIOPadConfigSet</name>
         <value>0x10a5</value>
         <object_component_ref idref="oc-214"/>
      </symbol>
      <symbol id="sm-3d6">
         <name>GPIOPinTypeEthernetLED</name>
         <value>0x2811</value>
         <object_component_ref idref="oc-21a"/>
      </symbol>
      <symbol id="sm-42b">
         <name>IntIsEnabled</name>
         <value>0x1c69</value>
         <object_component_ref idref="oc-2fe"/>
      </symbol>
      <symbol id="sm-42c">
         <name>IntEnable</name>
         <value>0x1c01</value>
         <object_component_ref idref="oc-242"/>
      </symbol>
      <symbol id="sm-42d">
         <name>IntTrigger</name>
         <value>0x2851</value>
         <object_component_ref idref="oc-30a"/>
      </symbol>
      <symbol id="sm-42e">
         <name>IntDisable</name>
         <value>0x1b99</value>
         <object_component_ref idref="oc-304"/>
      </symbol>
      <symbol id="sm-492">
         <name>SysCtlClockFreqSet</name>
         <value>0x415</value>
         <object_component_ref idref="oc-15c"/>
      </symbol>
      <symbol id="sm-49f">
         <name>UARTClockSourceSet</name>
         <value>0x28b5</value>
         <object_component_ref idref="oc-222"/>
      </symbol>
      <symbol id="sm-575">
         <name>I2CMWrite8</name>
         <value>0x1f01</value>
         <object_component_ref idref="oc-343"/>
      </symbol>
      <symbol id="sm-576">
         <name>I2CMCommand</name>
         <value>0x19cd</value>
         <object_component_ref idref="oc-256"/>
      </symbol>
      <symbol id="sm-577">
         <name>I2CMInit</name>
         <value>0x2553</value>
         <object_component_ref idref="oc-174"/>
      </symbol>
      <symbol id="sm-578">
         <name>I2CMTransferResume</name>
         <value>0x25bd</value>
         <object_component_ref idref="oc-39f"/>
      </symbol>
      <symbol id="sm-579">
         <name>I2CMIntHandler</name>
         <value>0x13d5</value>
         <object_component_ref idref="oc-b5"/>
      </symbol>
      <symbol id="sm-5d2">
         <name>SHT21DataTemperatureGetRaw</name>
         <value>0x2869</value>
         <object_component_ref idref="oc-352"/>
      </symbol>
      <symbol id="sm-5d3">
         <name>SHT21DataHumidityGetFloat</name>
         <value>0x1a55</value>
         <object_component_ref idref="oc-291"/>
      </symbol>
      <symbol id="sm-5d4">
         <name>SHT21DataTemperatureGetFloat</name>
         <value>0x1d2d</value>
         <object_component_ref idref="oc-297"/>
      </symbol>
      <symbol id="sm-5d5">
         <name>SHT21Write</name>
         <value>0x2091</value>
         <object_component_ref idref="oc-285"/>
      </symbol>
      <symbol id="sm-5d6">
         <name>SHT21DataRead</name>
         <value>0x1ff9</value>
         <object_component_ref idref="oc-28b"/>
      </symbol>
      <symbol id="sm-5d7">
         <name>SHT21Init</name>
         <value>0x2045</value>
         <object_component_ref idref="oc-180"/>
      </symbol>
      <symbol id="sm-5d8">
         <name>SHT21DataHumidityGetRaw</name>
         <value>0x285d</value>
         <object_component_ref idref="oc-34b"/>
      </symbol>
      <symbol id="sm-618">
         <name>TMP006DataTemperatureGetRaw</name>
         <value>0x27b5</value>
         <object_component_ref idref="oc-320"/>
      </symbol>
      <symbol id="sm-619">
         <name>TMP006Init</name>
         <value>0x1ea9</value>
         <object_component_ref idref="oc-186"/>
      </symbol>
      <symbol id="sm-61a">
         <name>TMP006DataTemperatureGetFloat</name>
         <value>0x9f1</value>
         <object_component_ref idref="oc-275"/>
      </symbol>
      <symbol id="sm-631">
         <name>__aeabi_dsub</name>
         <value>0xd8d</value>
         <object_component_ref idref="oc-330"/>
      </symbol>
      <symbol id="sm-632">
         <name>__aeabi_dadd</name>
         <value>0xd97</value>
         <object_component_ref idref="oc-330"/>
      </symbol>
      <symbol id="sm-63d">
         <name>__aeabi_dmul</name>
         <value>0x12d9</value>
         <object_component_ref idref="oc-32b"/>
      </symbol>
      <symbol id="sm-647">
         <name>__aeabi_d2f</name>
         <value>0x2127</value>
         <object_component_ref idref="oc-335"/>
      </symbol>
      <symbol id="sm-652">
         <name>__aeabi_f2d</name>
         <value>0x251b</value>
         <object_component_ref idref="oc-326"/>
      </symbol>
      <symbol id="sm-662">
         <name>sqrtf</name>
         <value>0x26f1</value>
         <object_component_ref idref="oc-33a"/>
      </symbol>
      <symbol id="sm-671">
         <name>_Feraise</name>
         <value>0x25ed</value>
         <object_component_ref idref="oc-377"/>
      </symbol>
      <symbol id="sm-680">
         <name>_FZero</name>
         <value>0x20000b2c</value>
         <object_component_ref idref="oc-37d"/>
      </symbol>
      <symbol id="sm-681">
         <name>_FRteps</name>
         <value>0x20000b18</value>
         <object_component_ref idref="oc-37d"/>
      </symbol>
      <symbol id="sm-682">
         <name>_FSnan</name>
         <value>0x20000b08</value>
         <object_component_ref idref="oc-37d"/>
      </symbol>
      <symbol id="sm-683">
         <name>_FNan</name>
         <value>0x20000af8</value>
         <object_component_ref idref="oc-37d"/>
      </symbol>
      <symbol id="sm-684">
         <name>_FInf</name>
         <value>0x20000ae8</value>
         <object_component_ref idref="oc-37d"/>
      </symbol>
      <symbol id="sm-685">
         <name>_FEps</name>
         <value>0x20000ad8</value>
         <object_component_ref idref="oc-37d"/>
      </symbol>
      <symbol id="sm-686">
         <name>_FXbig</name>
         <value>0x20000b28</value>
         <object_component_ref idref="oc-37d"/>
      </symbol>
      <symbol id="sm-687">
         <name>_FDenorm</name>
         <value>0x20000ac8</value>
         <object_component_ref idref="oc-37d"/>
      </symbol>
      <symbol id="sm-68f">
         <name>_Errno</name>
         <value>0x20000b60</value>
         <object_component_ref idref="oc-392"/>
      </symbol>
      <symbol id="sm-6ad">
         <name>feraiseexcept</name>
         <value>0x2589</value>
         <object_component_ref idref="oc-38c"/>
      </symbol>
      <symbol id="sm-6ae">
         <name>_Tls_setup__Fenv</name>
         <value>0x20000b5c</value>
         <object_component_ref idref="oc-3ac"/>
      </symbol>
      <symbol id="sm-6af">
         <name>_Fenv</name>
         <value>0x20000b58</value>
         <object_component_ref idref="oc-3ac"/>
      </symbol>
      <symbol id="sm-6c3">
         <name>raise</name>
         <value>0x261d</value>
         <object_component_ref idref="oc-3a6"/>
      </symbol>
      <symbol id="sm-6dd">
         <name>signal</name>
         <value>0x2425</value>
         <object_component_ref idref="oc-3b3"/>
      </symbol>
      <symbol id="sm-727">
         <name>I2CMasterDataPut</name>
         <value>0x28c9</value>
         <object_component_ref idref="oc-1ea"/>
      </symbol>
      <symbol id="sm-728">
         <name>I2CMasterInitExpClk</name>
         <value>0x21b9</value>
         <object_component_ref idref="oc-23c"/>
      </symbol>
      <symbol id="sm-729">
         <name>I2CMasterSlaveAddrSet</name>
         <value>0x289b</value>
         <object_component_ref idref="oc-1e2"/>
      </symbol>
      <symbol id="sm-72a">
         <name>I2CMasterDataGet</name>
         <value>0x28c5</value>
         <object_component_ref idref="oc-1d8"/>
      </symbol>
      <symbol id="sm-72b">
         <name>I2CMasterIntEnableEx</name>
         <value>0x2893</value>
         <object_component_ref idref="oc-248"/>
      </symbol>
      <symbol id="sm-72c">
         <name>I2CMasterControl</name>
         <value>0x28c1</value>
         <object_component_ref idref="oc-109"/>
      </symbol>
      <symbol id="sm-72d">
         <name>I2CMasterEnable</name>
         <value>0x2881</value>
         <object_component_ref idref="oc-2f0"/>
      </symbol>
      <symbol id="sm-72e">
         <name>I2CMasterIntClear</name>
         <value>0x288b</value>
         <object_component_ref idref="oc-103"/>
      </symbol>
      <symbol id="sm-72f">
         <name>__TI_static_base__</name>
         <value>0x0</value>
      </symbol>
      <symbol id="sm-730">
         <name>__TI_args_main</name>
         <value>0x1</value>
      </symbol>
      <symbol id="sm-731">
         <name>SHT$$INIT_ARRAY$$Limit</name>
         <value>0x0</value>
      </symbol>
      <symbol id="sm-732">
         <name>SHT$$INIT_ARRAY$$Base</name>
         <value>0x0</value>
      </symbol>
   </symbol_table>
   <title>Link successful</title>
</link_info>
