******************************************************************************
                  TI ARM Linker PC v5.1.6                      
******************************************************************************
>> Linked Fri Feb 19 20:45:17 2016

OUTPUT FILE NAME:   <timer_interrupts.out>
ENTRY POINT SYMBOL: "_c_int00"  address: 00000879


MEMORY CONFIGURATION

         name            origin    length      used     unused   attr    fill
----------------------  --------  ---------  --------  --------  ----  --------
  FLASH                 00000000   00100000  00000cd0  000ff330  R  X
  SRAM                  20000000   00040000  00000214  0003fdec  RW X


SEGMENT ALLOCATION MAP

run origin  load origin   length   init length attrs members
----------  ----------- ---------- ----------- ----- -------
00000000    00000000    00000cd0   00000cd0    r-x
  00000000    00000000    00000208   00000208    r-- .intvecs
  00000208    00000208    00000874   00000874    r-x .text
  00000a7c    00000a7c    00000234   00000234    r-- .const
  00000cb0    00000cb0    00000020   00000020    r-- .cinit
20000000    20000000    00000214   00000000    rw-
  20000000    20000000    00000200   00000000    rw- .stack
  20000200    20000200    00000014   00000000    rw- .data


SECTION ALLOCATION MAP

 output                                  attributes/
section   page    origin      length       input sections
--------  ----  ----------  ----------   ----------------
.intvecs   0    00000000    00000208     
                  00000000    00000208     tm4c1294ncpdt_startup_ccs.obj (.intvecs)

.init_array 
*          0    00000000    00000000     UNINITIALIZED

.text      0    00000208    00000874     
                  00000208    00000204     driverlib.lib : sysctl.obj (.text:SysCtlClockFreqSet)
                  0000040c    00000130                   : gpio.obj (.text:GPIOPadConfigSet)
                  0000053c    0000009c     main.obj (.text)
                  000005d8    0000009c     rtsv7M4_T_le_v4SPD16_eabi.lib : memcpy_t2.obj (.text)
                  00000674    00000094                                   : auto_init.obj (.text)
                  00000708    00000068     driverlib.lib : interrupt.obj (.text:IntEnable)
                  00000770    00000060                   : timer.obj (.text:TimerConfigure)
                  000007d0    0000005e     rtsv7M4_T_le_v4SPD16_eabi.lib : copy_decompress_rle.obj (.text)
                  0000082e    00000002     --HOLE-- [fill = 0]
                  00000830    00000048     driverlib.lib : sysctl.obj (.text:_SysCtlFrequencyGet)
                  00000878    00000048     rtsv7M4_T_le_v4SPD16_eabi.lib : boot.obj (.text)
                  000008c0    00000044                                   : cpy_tbl.obj (.text)
                  00000904    00000044                                   : exit.obj (.text)
                  00000948    00000034     driverlib.lib : sysctl.obj (.text:SysCtlPeripheralEnable)
                  0000097c    0000002a                   : gpio.obj (.text:GPIODirModeSet)
                  000009a6    00000002     --HOLE-- [fill = 0]
                  000009a8    0000001c                   : sysctl.obj (.text:_SysCtlMemTimingGet)
                  000009c4    00000018                   : gpio.obj (.text:GPIOPinTypeGPIOOutput)
                  000009dc    00000018     rtsv7M4_T_le_v4SPD16_eabi.lib : args_main.obj (.text)
                  000009f4    00000014                                   : _lock.obj (.text)
                  00000a08    00000012     driverlib.lib : timer.obj (.text:TimerLoadSet)
                  00000a1a    00000010                   : interrupt.obj (.text:IntMasterEnable)
                  00000a2a    0000000e                   : timer.obj (.text:TimerEnable)
                  00000a38    0000000e     rtsv7M4_T_le_v4SPD16_eabi.lib : copy_decompress_none.obj (.text:decompress:none)
                  00000a46    0000000c     driverlib.lib : cpu.obj (.text:CPUcpsie)
                  00000a52    0000000c     tm4c1294ncpdt_startup_ccs.obj (.text)
                  00000a5e    00000008     driverlib.lib : timer.obj (.text:TimerIntEnable)
                  00000a66    00000006                   : gpio.obj (.text:GPIOPinRead)
                  00000a6c    00000006                   : gpio.obj (.text:GPIOPinWrite)
                  00000a72    00000006     rtsv7M4_T_le_v4SPD16_eabi.lib : copy_decompress_rle.obj (.text:decompress:rle24)
                  00000a78    00000004     driverlib.lib : timer.obj (.text:TimerIntClear)

.const     0    00000a7c    00000234     
                  00000a7c    00000120     driverlib.lib : sysctl.obj (.const:g_pppui32XTALtoVCO)
                  00000b9c    00000070                   : interrupt.obj (.const)
                  00000c0c    0000006c                   : sysctl.obj (.const:g_pui32Xtals)
                  00000c78    00000030                   : sysctl.obj (.const:g_sXTALtoMEMTIM)
                  00000ca8    00000008                   : sysctl.obj (.const)

.cinit     0    00000cb0    00000020     
                  00000cb0    0000000f     (.cinit..data.load) [load image, compression = rle]
                  00000cbf    00000001     --HOLE-- [fill = 0]
                  00000cc0    00000008     (__TI_handler_table)
                  00000cc8    00000008     (__TI_cinit_table)

.stack     0    20000000    00000200     UNINITIALIZED
                  20000000    00000200     --HOLE--

.data      0    20000200    00000014     UNINITIALIZED
                  20000200    00000008     rtsv7M4_T_le_v4SPD16_eabi.lib : _lock.obj (.data)
                  20000208    00000008                                   : exit.obj (.data)
                  20000210    00000004                                   : stkdepth_vars.obj (.data)


LINKER GENERATED COPY TABLES

__TI_cinit_table @ 00000cc8 records: 1, size/record: 8, table size: 8
	.data: load addr=00000cb0, load size=0000000f bytes, run addr=20000200, run size=00000014 bytes, compression=rle


LINKER GENERATED HANDLER TABLE

__TI_handler_table @ 00000cc0 records: 2, size/record: 4, table size: 8
	index: 0, handler: __TI_decompress_rle24
	index: 1, handler: __TI_decompress_none


GLOBAL SYMBOLS: SORTED ALPHABETICALLY BY Name 

address    name
--------   ----
00000905   C$$EXIT
00000a47   CPUcpsie
0000097d   GPIODirModeSet
0000040d   GPIOPadConfigSet
00000a67   GPIOPinRead
000009c5   GPIOPinTypeGPIOOutput
00000a6d   GPIOPinWrite
00000709   IntEnable
00000a1b   IntMasterEnable
00000a53   ResetISR
UNDEFED    SHT$$INIT_ARRAY$$Base
UNDEFED    SHT$$INIT_ARRAY$$Limit
00000209   SysCtlClockFreqSet
00000949   SysCtlPeripheralEnable
00000593   Timer0IntHandler
00000771   TimerConfigure
00000a2b   TimerEnable
00000a79   TimerIntClear
00000a5f   TimerIntEnable
00000a09   TimerLoadSet
20000200   __STACK_END
00000200   __STACK_SIZE
20000200   __STACK_TOP
00000cc8   __TI_CINIT_Base
00000cd0   __TI_CINIT_Limit
00000cc0   __TI_Handler_Table_Base
00000cc8   __TI_Handler_Table_Limit
00000001   __TI_args_main
00000675   __TI_auto_init
20000208   __TI_cleanup_ptr
00000a39   __TI_decompress_none
00000a73   __TI_decompress_rle24
2000020c   __TI_dtors_ptr
00000000   __TI_static_base__
000005d9   __aeabi_memcpy
000005d9   __aeabi_memcpy4
000005d9   __aeabi_memcpy8
ffffffff   __binit__
ffffffff   __c_args__
20000000   __stack
000009dd   _args_main
00000879   _c_int00
20000200   _lock
00000a03   _nop
000009fb   _register_lock
000009f5   _register_unlock
20000204   _unlock
00000909   abort
ffffffff   binit
000008c1   copy_in
00000911   exit
00000000   g_pfnVectors
0000053d   main
20000210   main_func_sp
000005d9   memcpy


GLOBAL SYMBOLS: SORTED BY Symbol Address 

address    name
--------   ----
00000000   __TI_static_base__
00000000   g_pfnVectors
00000001   __TI_args_main
00000200   __STACK_SIZE
00000209   SysCtlClockFreqSet
0000040d   GPIOPadConfigSet
0000053d   main
00000593   Timer0IntHandler
000005d9   __aeabi_memcpy
000005d9   __aeabi_memcpy4
000005d9   __aeabi_memcpy8
000005d9   memcpy
00000675   __TI_auto_init
00000709   IntEnable
00000771   TimerConfigure
00000879   _c_int00
000008c1   copy_in
00000905   C$$EXIT
00000909   abort
00000911   exit
00000949   SysCtlPeripheralEnable
0000097d   GPIODirModeSet
000009c5   GPIOPinTypeGPIOOutput
000009dd   _args_main
000009f5   _register_unlock
000009fb   _register_lock
00000a03   _nop
00000a09   TimerLoadSet
00000a1b   IntMasterEnable
00000a2b   TimerEnable
00000a39   __TI_decompress_none
00000a47   CPUcpsie
00000a53   ResetISR
00000a5f   TimerIntEnable
00000a67   GPIOPinRead
00000a6d   GPIOPinWrite
00000a73   __TI_decompress_rle24
00000a79   TimerIntClear
00000cc0   __TI_Handler_Table_Base
00000cc8   __TI_CINIT_Base
00000cc8   __TI_Handler_Table_Limit
00000cd0   __TI_CINIT_Limit
20000000   __stack
20000200   __STACK_END
20000200   __STACK_TOP
20000200   _lock
20000204   _unlock
20000208   __TI_cleanup_ptr
2000020c   __TI_dtors_ptr
20000210   main_func_sp
ffffffff   __binit__
ffffffff   __c_args__
ffffffff   binit
UNDEFED    SHT$$INIT_ARRAY$$Base
UNDEFED    SHT$$INIT_ARRAY$$Limit

[55 symbols]
