******************************************************************************
                  TI ARM Linker PC v5.1.6                      
******************************************************************************
>> Linked Wed Mar 16 21:58:03 2016

OUTPUT FILE NAME:   <gpio.out>
ENTRY POINT SYMBOL: "_c_int00"  address: 0000077d


MEMORY CONFIGURATION

         name            origin    length      used     unused   attr    fill
----------------------  --------  ---------  --------  --------  ----  --------
  FLASH                 00000000   00100000  00000b1c  000ff4e4  R  X
  SRAM                  20000000   00040000  00000079  0003ff87  RW X


SEGMENT ALLOCATION MAP

run origin  load origin   length   init length attrs members
----------  ----------- ---------- ----------- ----- -------
00000000    00000000    00000b20   00000b20    r-x
  00000000    00000000    00000208   00000208    r-- .intvecs
  00000208    00000208    00000730   00000730    r-x .text
  00000938    00000938    000001c4   000001c4    r-- .const
  00000b00    00000b00    00000020   00000020    r-- .cinit
20000000    20000000    00000079   00000000    rw-
  20000000    20000000    00000064   00000000    rw- .stack
  20000064    20000064    00000015   00000000    rw- .data


SECTION ALLOCATION MAP

 output                                  attributes/
section   page    origin      length       input sections
--------  ----  ----------  ----------   ----------------
.intvecs   0    00000000    00000208     
                  00000000    00000208     tm4c1294ncpdt_startup_ccs.obj (.intvecs)

.init_array 
*          0    00000000    00000000     UNINITIALIZED

.text      0    00000208    00000730     
                  00000208    00000204     driverlib.lib : sysctl.obj (.text:SysCtlClockFreqSet)
                  0000040c    00000130                   : gpio.obj (.text:GPIOPadConfigSet)
                  0000053c    0000009c     rtsv7M4_T_le_v4SPD16_eabi.lib : memcpy_t2.obj (.text)
                  000005d8    00000094                                   : auto_init.obj (.text)
                  0000066c    00000068     main.obj (.text)
                  000006d4    0000005e     rtsv7M4_T_le_v4SPD16_eabi.lib : copy_decompress_rle.obj (.text)
                  00000732    00000002     --HOLE-- [fill = 0]
                  00000734    00000048     driverlib.lib : sysctl.obj (.text:_SysCtlFrequencyGet)
                  0000077c    00000048     rtsv7M4_T_le_v4SPD16_eabi.lib : boot.obj (.text)
                  000007c4    00000044                                   : cpy_tbl.obj (.text)
                  00000808    00000044                                   : exit.obj (.text)
                  0000084c    00000034     driverlib.lib : sysctl.obj (.text:SysCtlPeripheralEnable)
                  00000880    0000002a                   : gpio.obj (.text:GPIODirModeSet)
                  000008aa    00000002     --HOLE-- [fill = 0]
                  000008ac    0000001c                   : sysctl.obj (.text:_SysCtlMemTimingGet)
                  000008c8    00000018                   : gpio.obj (.text:GPIOPinTypeGPIOOutput)
                  000008e0    00000018     rtsv7M4_T_le_v4SPD16_eabi.lib : args_main.obj (.text)
                  000008f8    00000014                                   : _lock.obj (.text)
                  0000090c    0000000e                                   : copy_decompress_none.obj (.text:decompress:none)
                  0000091a    0000000c     tm4c1294ncpdt_startup_ccs.obj (.text)
                  00000926    00000006     driverlib.lib : gpio.obj (.text:GPIOPinWrite)
                  0000092c    00000006                   : sysctl.obj (.text:SysCtlDelay)
                  00000932    00000006     rtsv7M4_T_le_v4SPD16_eabi.lib : copy_decompress_rle.obj (.text:decompress:rle24)

.const     0    00000938    000001c4     
                  00000938    00000120     driverlib.lib : sysctl.obj (.const:g_pppui32XTALtoVCO)
                  00000a58    0000006c                   : sysctl.obj (.const:g_pui32Xtals)
                  00000ac4    00000030                   : sysctl.obj (.const:g_sXTALtoMEMTIM)
                  00000af4    00000008                   : sysctl.obj (.const)

.cinit     0    00000b00    00000020     
                  00000b00    00000010     (.cinit..data.load) [load image, compression = rle]
                  00000b10    00000008     (__TI_handler_table)
                  00000b18    00000008     (__TI_cinit_table)

.stack     0    20000000    00000064     UNINITIALIZED
                  20000000    00000064     --HOLE--

.data      0    20000064    00000015     UNINITIALIZED
                  20000064    00000008     rtsv7M4_T_le_v4SPD16_eabi.lib : _lock.obj (.data)
                  2000006c    00000008                                   : exit.obj (.data)
                  20000074    00000004                                   : stkdepth_vars.obj (.data)
                  20000078    00000001     main.obj (.data)


LINKER GENERATED COPY TABLES

__TI_cinit_table @ 00000b18 records: 1, size/record: 8, table size: 8
	.data: load addr=00000b00, load size=00000010 bytes, run addr=20000064, run size=00000015 bytes, compression=rle


LINKER GENERATED HANDLER TABLE

__TI_handler_table @ 00000b10 records: 2, size/record: 4, table size: 8
	index: 0, handler: __TI_decompress_rle24
	index: 1, handler: __TI_decompress_none


GLOBAL SYMBOLS: SORTED ALPHABETICALLY BY Name 

address    name
--------   ----
00000809   C$$EXIT
00000881   GPIODirModeSet
0000040d   GPIOPadConfigSet
000008c9   GPIOPinTypeGPIOOutput
00000927   GPIOPinWrite
0000091b   ResetISR
UNDEFED    SHT$$INIT_ARRAY$$Base
UNDEFED    SHT$$INIT_ARRAY$$Limit
00000209   SysCtlClockFreqSet
0000092d   SysCtlDelay
0000084d   SysCtlPeripheralEnable
20000064   __STACK_END
00000064   __STACK_SIZE
20000200   __STACK_TOP
00000b18   __TI_CINIT_Base
00000b20   __TI_CINIT_Limit
00000b10   __TI_Handler_Table_Base
00000b18   __TI_Handler_Table_Limit
00000001   __TI_args_main
000005d9   __TI_auto_init
2000006c   __TI_cleanup_ptr
0000090d   __TI_decompress_none
00000933   __TI_decompress_rle24
20000070   __TI_dtors_ptr
00000000   __TI_static_base__
0000053d   __aeabi_memcpy
0000053d   __aeabi_memcpy4
0000053d   __aeabi_memcpy8
ffffffff   __binit__
ffffffff   __c_args__
20000000   __stack
000008e1   _args_main
0000077d   _c_int00
20000064   _lock
00000907   _nop
000008ff   _register_lock
000008f9   _register_unlock
20000068   _unlock
0000080d   abort
ffffffff   binit
000007c5   copy_in
00000815   exit
00000000   g_pfnVectors
0000066d   main
20000074   main_func_sp
0000053d   memcpy
20000078   ui8PinData


GLOBAL SYMBOLS: SORTED BY Symbol Address 

address    name
--------   ----
00000000   __TI_static_base__
00000000   g_pfnVectors
00000001   __TI_args_main
00000064   __STACK_SIZE
00000209   SysCtlClockFreqSet
0000040d   GPIOPadConfigSet
0000053d   __aeabi_memcpy
0000053d   __aeabi_memcpy4
0000053d   __aeabi_memcpy8
0000053d   memcpy
000005d9   __TI_auto_init
0000066d   main
0000077d   _c_int00
000007c5   copy_in
00000809   C$$EXIT
0000080d   abort
00000815   exit
0000084d   SysCtlPeripheralEnable
00000881   GPIODirModeSet
000008c9   GPIOPinTypeGPIOOutput
000008e1   _args_main
000008f9   _register_unlock
000008ff   _register_lock
00000907   _nop
0000090d   __TI_decompress_none
0000091b   ResetISR
00000927   GPIOPinWrite
0000092d   SysCtlDelay
00000933   __TI_decompress_rle24
00000b10   __TI_Handler_Table_Base
00000b18   __TI_CINIT_Base
00000b18   __TI_Handler_Table_Limit
00000b20   __TI_CINIT_Limit
20000000   __stack
20000064   __STACK_END
20000064   _lock
20000068   _unlock
2000006c   __TI_cleanup_ptr
20000070   __TI_dtors_ptr
20000074   main_func_sp
20000078   ui8PinData
20000200   __STACK_TOP
ffffffff   __binit__
ffffffff   __c_args__
ffffffff   binit
UNDEFED    SHT$$INIT_ARRAY$$Base
UNDEFED    SHT$$INIT_ARRAY$$Limit

[47 symbols]
