******************************************************************************
                  TI ARM Linker PC v5.1.6                      
******************************************************************************
>> Linked Wed Mar 16 22:33:26 2016

OUTPUT FILE NAME:   <lightSensor_I2C_Rpi.out>
ENTRY POINT SYMBOL: "_c_int00"  address: 00001cad


MEMORY CONFIGURATION

         name            origin    length      used     unused   attr    fill
----------------------  --------  ---------  --------  --------  ----  --------
  FLASH                 00000000   00100000  0000263a  000fd9c6  R  X
  SRAM                  20000000   00040000  00000a11  0003f5ef  RW X


SEGMENT ALLOCATION MAP

run origin  load origin   length   init length attrs members
----------  ----------- ---------- ----------- ----- -------
00000000    00000000    00002640   00002640    r-x
  00000000    00000000    00000200   00000200    r-- .intvecs
  00000200    00000200    000020b2   000020b2    r-x .text
  000022b4    000022b4    00000350   00000350    r-- .const
  00002608    00002608    00000038   00000038    r-- .cinit
20000000    20000000    00000a14   00000000    rw-
  20000000    20000000    000005e5   00000000    rw- .bss
  200005e8    200005e8    00000400   00000000    rw- .stack
  200009e8    200009e8    0000002c   00000000    rw- .data


SECTION ALLOCATION MAP

 output                                  attributes/
section   page    origin      length       input sections
--------  ----  ----------  ----------   ----------------
.intvecs   0    00000000    00000200     
                  00000000    00000200     startup_ccs.obj (.intvecs)

.init_array 
*          0    00000000    00000000     UNINITIALIZED

.text      0    00000200    000020b2     
                  00000200    00000228     light_isl29023.obj (.text:main)
                  00000428    00000214     pinout.obj (.text:PinoutSet)
                  0000063c    00000204     driverlib.lib : sysctl.obj (.text:SysCtlClockFreqSet)
                  00000840    000001ea     uartstdio.obj (.text:UARTvprintf)
                  00000a2a    00000002     startup_ccs.obj (.text:FaultISR)
                  00000a2c    00000160     uartstdio.obj (.text:UARTStdioIntHandler)
                  00000b8c    00000130     driverlib.lib : gpio.obj (.text:GPIOPadConfigSet)
                  00000cbc    000000f2     sensorlib.lib : i2cm_drv.obj (.text:I2CMIntHandler)
                  00000dae    00000002     startup_ccs.obj (.text:IntDefaultHandler)
                  00000db0    000000d8     light_isl29023.obj (.text:GetLightData)
                  00000e88    000000cc     light_isl29023.obj (.text:ISL29023AppErrorHandler)
                  00000f54    000000b0     uartstdio.obj (.text:UARTStdioConfig)
                  00001004    000000a8     uartstdio.obj (.text:UARTwrite)
                  000010ac    0000009c     rtsv7M4_T_le_v4SPD16_eabi.lib : memcpy_t2.obj (.text)
                  00001148    00000098     sensorlib.lib : i2cm_drv.obj (.text:I2CMStateIdle)
                  000011e0    00000094     light_isl29023.obj (.text:ISL29023AppAdjustRange)
                  00001274    00000094     rtsv7M4_T_le_v4SPD16_eabi.lib : auto_init.obj (.text)
                  00001308    0000008c     uartstdio.obj (.text:UARTPrimeTransmit)
                  00001394    00000088     sensorlib.lib : i2cm_drv.obj (.text:I2CMCommand)
                  0000141c    00000070                   : i2cm_drv.obj (.text:I2CMReadModifyWrite8)
                  0000148c    0000006c     pinout.obj (.text:LEDWrite)
                  000014f8    00000068     sensorlib.lib : isl29023.obj (.text:ISL29023Write)
                  00001560    00000068     driverlib.lib : interrupt.obj (.text:IntDisable)
                  000015c8    00000068                   : interrupt.obj (.text:IntEnable)
                  00001630    00000064                   : interrupt.obj (.text:IntIsEnabled)
                  00001694    00000060     sensorlib.lib : i2cm_drv.obj (.text:I2CMReadModifyWrite8Callback)
                  000016f4    00000060     pinout.obj (.text:LEDRead)
                  00001754    0000005e     sensorlib.lib : i2cm_drv.obj (.text:I2CMStateWritePause)
                  000017b2    0000005e     rtsv7M4_T_le_v4SPD16_eabi.lib : copy_decompress_rle.obj (.text)
                  00001810    0000005c     light_isl29023.obj (.text:ConfigureUART)
                  0000186c    00000058     light_isl29023.obj (.text:InitSlaveI2C2)
                  000018c4    00000054     sensorlib.lib : i2cm_drv.obj (.text:I2CMWrite8)
                  00001918    00000054                   : isl29023.obj (.text:ISL29023Init)
                  0000196c    00000050                   : i2cm_drv.obj (.text:I2CMStateWriteFinal)
                  000019bc    00000050                   : isl29023.obj (.text:ISL29023DataRead)
                  00001a0c    00000050                   : isl29023.obj (.text:ISL29023Read)
                  00001a5c    00000050     driverlib.lib : sysctl.obj (.text:SysCtlPeripheralReset)
                  00001aac    0000004c     sensorlib.lib : isl29023.obj (.text:ISL29023ReadModifyWrite)
                  00001af8    0000004a                   : i2cm_drv.obj (.text:I2CMStateReadNext)
                  00001b42    00000002     startup_ccs.obj (.text:NmiSR)
                  00001b44    00000048     driverlib.lib : gpio.obj (.text:GPIOPinConfigure)
                  00001b8c    00000048     sensorlib.lib : i2cm_drv.obj (.text:I2CMStateWriteNext)
                  00001bd4    00000048     driverlib.lib : i2c.obj (.text:I2CMasterInitExpClk)
                  00001c1c    00000048     sensorlib.lib : isl29023.obj (.text:ISL29023DataLightVisibleGetFloat)
                  00001c64    00000048     driverlib.lib : sysctl.obj (.text:_SysCtlFrequencyGet)
                  00001cac    00000048     rtsv7M4_T_le_v4SPD16_eabi.lib : boot.obj (.text)
                  00001cf4    00000044     sensorlib.lib : i2cm_drv.obj (.text:I2CMStateCallback)
                  00001d38    00000044     rtsv7M4_T_le_v4SPD16_eabi.lib : cpy_tbl.obj (.text)
                  00001d7c    00000044                                   : exit.obj (.text)
                  00001dc0    00000042                                   : u_divt2.obj (.text)
                  00001e02    00000040     sensorlib.lib : i2cm_drv.obj (.text:I2CMStateReadFinal)
                  00001e42    00000040                   : isl29023.obj (.text:ISL29023Callback)
                  00001e82    0000003e                   : i2cm_drv.obj (.text:I2CMStateReadPause)
                  00001ec0    0000003c     uartstdio.obj (.text:UARTFlushTx)
                  00001efc    0000003a     sensorlib.lib : i2cm_drv.obj (.text:I2CMWrite8Callback)
                  00001f36    00000034                   : i2cm_drv.obj (.text:I2CMInit)
                  00001f6a    00000002     --HOLE-- [fill = 0]
                  00001f6c    00000034     driverlib.lib : sysctl.obj (.text:SysCtlPeripheralEnable)
                  00001fa0    00000030     sensorlib.lib : i2cm_drv.obj (.text:I2CMTransferResume)
                  00001fd0    0000002c     light_isl29023.obj (.text:GPIOPortEIntHandler)
                  00001ffc    0000002c     light_isl29023.obj (.text:ISL29023AppI2CWait)
                  00002028    0000002c     uartstdio.obj (.text:UARTFlushRx)
                  00002054    0000002a     driverlib.lib : gpio.obj (.text:GPIODirModeSet)
                  0000207e    0000002a     sensorlib.lib : i2cm_drv.obj (.text:I2CMStateReadFirst)
                  000020a8    00000024     light_isl29023.obj (.text:ISL29023AppCallback)
                  000020cc    00000020     sensorlib.lib : i2cm_drv.obj (.text:I2CMStateReadOne)
                  000020ec    00000020     light_isl29023.obj (.text:SysTickIntHandler)
                  0000210c    0000001c     driverlib.lib : sysctl.obj (.text:_SysCtlMemTimingGet)
                  00002128    0000001a     sensorlib.lib : i2cm_drv.obj (.text:I2CMStateReadWait)
                  00002142    0000001a     uartstdio.obj (.text:UARTprintf)
                  0000215c    00000018     uartstdio.obj (.text:IsBufferFull)
                  00002174    00000018     rtsv7M4_T_le_v4SPD16_eabi.lib : args_main.obj (.text)
                  0000218c    00000014                                   : _lock.obj (.text)
                  000021a0    00000012     driverlib.lib : gpio.obj (.text:GPIOPinTypeEthernetLED)
                  000021b2    00000012                   : gpio.obj (.text:GPIOPinTypeI2C)
                  000021c4    00000012                   : gpio.obj (.text:GPIOPinTypeI2CSCL)
                  000021d6    00000012     rtsv7M4_T_le_v4SPD16_eabi.lib : copy_zero_init.obj (.text:decompress:ZI)
                  000021e8    00000010     driverlib.lib : i2c.obj (.text:I2CSlaveEnable)
                  000021f8    0000000e                   : gpio.obj (.text:GPIOIntStatus)
                  00002206    0000000e                   : i2c.obj (.text:I2CSlaveInit)
                  00002214    0000000e     uartstdio.obj (.text:IsBufferEmpty)
                  00002222    0000000e     rtsv7M4_T_le_v4SPD16_eabi.lib : copy_decompress_none.obj (.text:decompress:none)
                  00002230    0000000c     driverlib.lib : gpio.obj (.text:GPIOIntEnable)
                  0000223c    0000000c     sensorlib.lib : isl29023.obj (.text:ISL29023DataLightVisibleGetRaw)
                  00002248    0000000c     light_isl29023.obj (.text:ISL29023I2CIntHandler)
                  00002254    0000000c     driverlib.lib : interrupt.obj (.text:IntTrigger)
                  00002260    0000000a                   : i2c.obj (.text:I2CMasterEnable)
                  0000226a    00000008                   : i2c.obj (.text:I2CMasterIntClear)
                  00002272    00000008                   : i2c.obj (.text:I2CMasterIntEnableEx)
                  0000227a    00000008                   : i2c.obj (.text:I2CMasterSlaveAddrSet)
                  00002282    00000006                   : gpio.obj (.text:GPIOIntClear)
                  00002288    00000006                   : gpio.obj (.text:GPIOPinRead)
                  0000228e    00000006                   : gpio.obj (.text:GPIOPinWrite)
                  00002294    00000006     startup_ccs.obj (.text:ResetISR)
                  0000229a    00000006     driverlib.lib : sysctl.obj (.text:SysCtlDelay)
                  000022a0    00000006     rtsv7M4_T_le_v4SPD16_eabi.lib : copy_decompress_rle.obj (.text:decompress:rle24)
                  000022a6    00000004     driverlib.lib : i2c.obj (.text:I2CMasterControl)
                  000022aa    00000004                   : i2c.obj (.text:I2CMasterDataGet)
                  000022ae    00000004                   : i2c.obj (.text:I2CMasterDataPut)

.const     0    000022b4    00000350     
                  000022b4    00000120     driverlib.lib : sysctl.obj (.const:g_pppui32XTALtoVCO)
                  000023d4    00000090                   : gpio.obj (.const:g_pui32GPIOBaseAddrs)
                  00002464    00000070                   : interrupt.obj (.const)
                  000024d4    0000006c                   : sysctl.obj (.const:g_pui32Xtals)
                  00002540    00000030                   : sysctl.obj (.const:g_sXTALtoMEMTIM)
                  00002570    00000030     sensorlib.lib : isl29023.obj (.const)
                  000025a0    00000028     uartstdio.obj (.const)
                  000025c8    00000020     light_isl29023.obj (.const)
                  000025e8    00000012     uartstdio.obj (.const:.string)
                  000025fa    00000002     --HOLE-- [fill = 0]
                  000025fc    00000008     driverlib.lib : sysctl.obj (.const)

.cinit     0    00002608    00000038     
                  00002608    00000012     (.cinit..data.load) [load image, compression = rle]
                  0000261a    00000002     --HOLE-- [fill = 0]
                  0000261c    0000000c     (__TI_handler_table)
                  00002628    00000008     (.cinit..bss.load) [load image, compression = zero_init]
                  00002630    00000010     (__TI_cinit_table)

.bss       0    20000000    000005e5     UNINITIALIZED
                  20000000    00000400     uartstdio.obj (.bss:g_pcUARTTxBuffer)
                  20000400    00000124     light_isl29023.obj (.bss:g_sI2CInst)
                  20000524    00000080     uartstdio.obj (.bss:g_pcUARTRxBuffer)
                  200005a4    0000002c     light_isl29023.obj (.bss:g_sISL29023Inst)
                  200005d0    00000004     (.common:g_ui32PortNum)
                  200005d4    00000004     (.common:g_ui32SysClock)
                  200005d8    00000004     (.common:g_vui8DataFlag)
                  200005dc    00000004     (.common:g_vui8ErrorFlag)
                  200005e0    00000004     (.common:g_vui8IntensityFlag)
                  200005e4    00000001     (.common:g_bDisableEcho)

.stack     0    200005e8    00000400     UNINITIALIZED
                  200005e8    00000400     --HOLE--

.data      0    200009e8    0000002c     UNINITIALIZED
                  200009e8    00000015     uartstdio.obj (.data)
                  200009fd    00000003     --HOLE--
                  20000a00    00000008     rtsv7M4_T_le_v4SPD16_eabi.lib : _lock.obj (.data)
                  20000a08    00000008                                   : exit.obj (.data)
                  20000a10    00000004                                   : stkdepth_vars.obj (.data)


LINKER GENERATED COPY TABLES

__TI_cinit_table @ 00002630 records: 2, size/record: 8, table size: 16
	.data: load addr=00002608, load size=00000012 bytes, run addr=200009e8, run size=0000002c bytes, compression=rle
	.bss: load addr=00002628, load size=00000008 bytes, run addr=20000000, run size=000005e5 bytes, compression=zero_init


LINKER GENERATED HANDLER TABLE

__TI_handler_table @ 0000261c records: 3, size/record: 4, table size: 12
	index: 0, handler: __TI_decompress_rle24
	index: 1, handler: __TI_decompress_none
	index: 2, handler: __TI_zero_init


GLOBAL SYMBOLS: SORTED ALPHABETICALLY BY Name 

address    name
--------   ----
00001d7d   C$$EXIT
00001811   ConfigureUART
00002055   GPIODirModeSet
00002283   GPIOIntClear
00002231   GPIOIntEnable
000021f9   GPIOIntStatus
00000b8d   GPIOPadConfigSet
00001b45   GPIOPinConfigure
00002289   GPIOPinRead
000021a1   GPIOPinTypeEthernetLED
000021b3   GPIOPinTypeI2C
000021c5   GPIOPinTypeI2CSCL
0000228f   GPIOPinWrite
00001fd1   GPIOPortEIntHandler
00000db1   GetLightData
00001395   I2CMCommand
00001f37   I2CMInit
00000cbd   I2CMIntHandler
0000141d   I2CMReadModifyWrite8
00001fa1   I2CMTransferResume
000018c5   I2CMWrite8
000022a7   I2CMasterControl
000022ab   I2CMasterDataGet
000022af   I2CMasterDataPut
00002261   I2CMasterEnable
00001bd5   I2CMasterInitExpClk
0000226b   I2CMasterIntClear
00002273   I2CMasterIntEnableEx
0000227b   I2CMasterSlaveAddrSet
000021e9   I2CSlaveEnable
00002207   I2CSlaveInit
000011e1   ISL29023AppAdjustRange
000020a9   ISL29023AppCallback
00000e89   ISL29023AppErrorHandler
00001ffd   ISL29023AppI2CWait
00001c1d   ISL29023DataLightVisibleGetFloat
0000223d   ISL29023DataLightVisibleGetRaw
000019bd   ISL29023DataRead
00002249   ISL29023I2CIntHandler
00001919   ISL29023Init
00001a0d   ISL29023Read
00001aad   ISL29023ReadModifyWrite
000014f9   ISL29023Write
0000186d   InitSlaveI2C2
00001561   IntDisable
000015c9   IntEnable
00001631   IntIsEnabled
00002255   IntTrigger
000016f5   LEDRead
0000148d   LEDWrite
00000429   PinoutSet
00002295   ResetISR
UNDEFED    SHT$$INIT_ARRAY$$Base
UNDEFED    SHT$$INIT_ARRAY$$Limit
0000063d   SysCtlClockFreqSet
0000229b   SysCtlDelay
00001f6d   SysCtlPeripheralEnable
00001a5d   SysCtlPeripheralReset
000020ed   SysTickIntHandler
00002029   UARTFlushRx
00001ec1   UARTFlushTx
00000f55   UARTStdioConfig
00000a2d   UARTStdioIntHandler
00002143   UARTprintf
00000841   UARTvprintf
00001005   UARTwrite
200009e8   __STACK_END
00000400   __STACK_SIZE
200009e8   __STACK_TOP
00002630   __TI_CINIT_Base
00002640   __TI_CINIT_Limit
0000261c   __TI_Handler_Table_Base
00002628   __TI_Handler_Table_Limit
00000001   __TI_args_main
00001275   __TI_auto_init
20000a08   __TI_cleanup_ptr
00002223   __TI_decompress_none
000022a1   __TI_decompress_rle24
20000a0c   __TI_dtors_ptr
00000000   __TI_static_base__
000021d7   __TI_zero_init
000010ad   __aeabi_memcpy
000010ad   __aeabi_memcpy4
000010ad   __aeabi_memcpy8
00001dc1   __aeabi_uidivmod
ffffffff   __binit__
ffffffff   __c_args__
200005e8   __stack
00002175   _args_main
00001cad   _c_int00
20000a00   _lock
0000219b   _nop
00002193   _register_lock
0000218d   _register_unlock
20000a04   _unlock
00001d81   abort
ffffffff   binit
00001d39   copy_in
00001d89   exit
00002590   g_fBetaLookup
00002570   g_fRangeLookup
00002580   g_fResolutionLookup
000025c8   g_fThresholdHigh
000025d8   g_fThresholdLow
00000000   g_pfnVectors
20000400   g_sI2CInst
200005a4   g_sISL29023Inst
200005d4   g_ui32SysClock
200005d8   g_vui8DataFlag
200005dc   g_vui8ErrorFlag
200005e0   g_vui8IntensityFlag
00000201   main
20000a10   main_func_sp
000010ad   memcpy


GLOBAL SYMBOLS: SORTED BY Symbol Address 

address    name
--------   ----
00000000   __TI_static_base__
00000000   g_pfnVectors
00000001   __TI_args_main
00000201   main
00000400   __STACK_SIZE
00000429   PinoutSet
0000063d   SysCtlClockFreqSet
00000841   UARTvprintf
00000a2d   UARTStdioIntHandler
00000b8d   GPIOPadConfigSet
00000cbd   I2CMIntHandler
00000db1   GetLightData
00000e89   ISL29023AppErrorHandler
00000f55   UARTStdioConfig
00001005   UARTwrite
000010ad   __aeabi_memcpy
000010ad   __aeabi_memcpy4
000010ad   __aeabi_memcpy8
000010ad   memcpy
000011e1   ISL29023AppAdjustRange
00001275   __TI_auto_init
00001395   I2CMCommand
0000141d   I2CMReadModifyWrite8
0000148d   LEDWrite
000014f9   ISL29023Write
00001561   IntDisable
000015c9   IntEnable
00001631   IntIsEnabled
000016f5   LEDRead
00001811   ConfigureUART
0000186d   InitSlaveI2C2
000018c5   I2CMWrite8
00001919   ISL29023Init
000019bd   ISL29023DataRead
00001a0d   ISL29023Read
00001a5d   SysCtlPeripheralReset
00001aad   ISL29023ReadModifyWrite
00001b45   GPIOPinConfigure
00001bd5   I2CMasterInitExpClk
00001c1d   ISL29023DataLightVisibleGetFloat
00001cad   _c_int00
00001d39   copy_in
00001d7d   C$$EXIT
00001d81   abort
00001d89   exit
00001dc1   __aeabi_uidivmod
00001ec1   UARTFlushTx
00001f37   I2CMInit
00001f6d   SysCtlPeripheralEnable
00001fa1   I2CMTransferResume
00001fd1   GPIOPortEIntHandler
00001ffd   ISL29023AppI2CWait
00002029   UARTFlushRx
00002055   GPIODirModeSet
000020a9   ISL29023AppCallback
000020ed   SysTickIntHandler
00002143   UARTprintf
00002175   _args_main
0000218d   _register_unlock
00002193   _register_lock
0000219b   _nop
000021a1   GPIOPinTypeEthernetLED
000021b3   GPIOPinTypeI2C
000021c5   GPIOPinTypeI2CSCL
000021d7   __TI_zero_init
000021e9   I2CSlaveEnable
000021f9   GPIOIntStatus
00002207   I2CSlaveInit
00002223   __TI_decompress_none
00002231   GPIOIntEnable
0000223d   ISL29023DataLightVisibleGetRaw
00002249   ISL29023I2CIntHandler
00002255   IntTrigger
00002261   I2CMasterEnable
0000226b   I2CMasterIntClear
00002273   I2CMasterIntEnableEx
0000227b   I2CMasterSlaveAddrSet
00002283   GPIOIntClear
00002289   GPIOPinRead
0000228f   GPIOPinWrite
00002295   ResetISR
0000229b   SysCtlDelay
000022a1   __TI_decompress_rle24
000022a7   I2CMasterControl
000022ab   I2CMasterDataGet
000022af   I2CMasterDataPut
00002570   g_fRangeLookup
00002580   g_fResolutionLookup
00002590   g_fBetaLookup
000025c8   g_fThresholdHigh
000025d8   g_fThresholdLow
0000261c   __TI_Handler_Table_Base
00002628   __TI_Handler_Table_Limit
00002630   __TI_CINIT_Base
00002640   __TI_CINIT_Limit
20000400   g_sI2CInst
200005a4   g_sISL29023Inst
200005d4   g_ui32SysClock
200005d8   g_vui8DataFlag
200005dc   g_vui8ErrorFlag
200005e0   g_vui8IntensityFlag
200005e8   __stack
200009e8   __STACK_END
200009e8   __STACK_TOP
20000a00   _lock
20000a04   _unlock
20000a08   __TI_cleanup_ptr
20000a0c   __TI_dtors_ptr
20000a10   main_func_sp
ffffffff   __binit__
ffffffff   __c_args__
ffffffff   binit
UNDEFED    SHT$$INIT_ARRAY$$Base
UNDEFED    SHT$$INIT_ARRAY$$Limit

[114 symbols]
