******************************************************************************
                  TI ARM Linker PC v5.1.6                      
******************************************************************************
>> Linked Wed Mar 16 22:28:11 2016

OUTPUT FILE NAME:   <light_isl29023.out>
ENTRY POINT SYMBOL: "_c_int00"  address: 00001b99


MEMORY CONFIGURATION

         name            origin    length      used     unused   attr    fill
----------------------  --------  ---------  --------  --------  ----  --------
  FLASH                 00000000   00100000  0000242c  000fdbd4  R  X
  SRAM                  20000000   00040000  00000a11  0003f5ef  RW X


SEGMENT ALLOCATION MAP

run origin  load origin   length   init length attrs members
----------  ----------- ---------- ----------- ----- -------
00000000    00000000    00002430   00002430    r-x
  00000000    00000000    00000200   00000200    r-- .intvecs
  00000200    00000200    00001f34   00001f34    r-x .text
  00002134    00002134    000002c0   000002c0    r-- .const
  000023f8    000023f8    00000038   00000038    r-- .cinit
20000000    20000000    00000a14   00000000    rw-
  20000000    20000000    000005e5   00000000    rw- .bss
  200005e8    200005e8    00000400   00000000    rw- .stack
  200009e8    200009e8    0000002c   00000000    rw- .data


SECTION ALLOCATION MAP

 output                                  attributes/
section   page    origin      length       input sections
--------  ----  ----------  ----------   ----------------
.intvecs   0    00000000    00000200     
                  00000000    00000200     startup_ccs.obj (.intvecs)

.init_array 
*          0    00000000    00000000     UNINITIALIZED

.text      0    00000200    00001f34     
                  00000200    000002dc     light_isl29023.obj (.text:main)
                  000004dc    00000214     pinout.obj (.text:PinoutSet)
                  000006f0    00000204     driverlib.lib : sysctl.obj (.text:SysCtlClockFreqSet)
                  000008f4    000001ea     uartstdio.obj (.text:UARTvprintf)
                  00000ade    00000002     startup_ccs.obj (.text:FaultISR)
                  00000ae0    00000160     uartstdio.obj (.text:UARTStdioIntHandler)
                  00000c40    00000130     driverlib.lib : gpio.obj (.text:GPIOPadConfigSet)
                  00000d70    000000f2     sensorlib.lib : i2cm_drv.obj (.text:I2CMIntHandler)
                  00000e62    00000002     startup_ccs.obj (.text:IntDefaultHandler)
                  00000e64    000000cc     light_isl29023.obj (.text:ISL29023AppErrorHandler)
                  00000f30    000000b0     uartstdio.obj (.text:UARTStdioConfig)
                  00000fe0    000000a8     uartstdio.obj (.text:UARTwrite)
                  00001088    0000009c     rtsv7M4_T_le_v4SPD16_eabi.lib : memcpy_t2.obj (.text)
                  00001124    00000098     sensorlib.lib : i2cm_drv.obj (.text:I2CMStateIdle)
                  000011bc    00000094     light_isl29023.obj (.text:ISL29023AppAdjustRange)
                  00001250    00000094     rtsv7M4_T_le_v4SPD16_eabi.lib : auto_init.obj (.text)
                  000012e4    0000008c     uartstdio.obj (.text:UARTPrimeTransmit)
                  00001370    00000088     sensorlib.lib : i2cm_drv.obj (.text:I2CMCommand)
                  000013f8    00000070                   : i2cm_drv.obj (.text:I2CMReadModifyWrite8)
                  00001468    0000006c     pinout.obj (.text:LEDWrite)
                  000014d4    00000068     sensorlib.lib : isl29023.obj (.text:ISL29023Write)
                  0000153c    00000068     driverlib.lib : interrupt.obj (.text:IntDisable)
                  000015a4    00000068                   : interrupt.obj (.text:IntEnable)
                  0000160c    00000064                   : interrupt.obj (.text:IntIsEnabled)
                  00001670    00000060     sensorlib.lib : i2cm_drv.obj (.text:I2CMReadModifyWrite8Callback)
                  000016d0    00000060     pinout.obj (.text:LEDRead)
                  00001730    0000005e     sensorlib.lib : i2cm_drv.obj (.text:I2CMStateWritePause)
                  0000178e    0000005e     rtsv7M4_T_le_v4SPD16_eabi.lib : copy_decompress_rle.obj (.text)
                  000017ec    0000005c     light_isl29023.obj (.text:ConfigureUART)
                  00001848    00000054     sensorlib.lib : i2cm_drv.obj (.text:I2CMWrite8)
                  0000189c    00000054                   : isl29023.obj (.text:ISL29023Init)
                  000018f0    00000050                   : i2cm_drv.obj (.text:I2CMStateWriteFinal)
                  00001940    00000050                   : isl29023.obj (.text:ISL29023DataRead)
                  00001990    00000050                   : isl29023.obj (.text:ISL29023Read)
                  000019e0    0000004c                   : isl29023.obj (.text:ISL29023ReadModifyWrite)
                  00001a2c    0000004a                   : i2cm_drv.obj (.text:I2CMStateReadNext)
                  00001a76    00000048                   : i2cm_drv.obj (.text:I2CMStateWriteNext)
                  00001abe    00000002     startup_ccs.obj (.text:NmiSR)
                  00001ac0    00000048     driverlib.lib : i2c.obj (.text:I2CMasterInitExpClk)
                  00001b08    00000048     sensorlib.lib : isl29023.obj (.text:ISL29023DataLightVisibleGetFloat)
                  00001b50    00000048     driverlib.lib : sysctl.obj (.text:_SysCtlFrequencyGet)
                  00001b98    00000048     rtsv7M4_T_le_v4SPD16_eabi.lib : boot.obj (.text)
                  00001be0    00000044     sensorlib.lib : i2cm_drv.obj (.text:I2CMStateCallback)
                  00001c24    00000044     rtsv7M4_T_le_v4SPD16_eabi.lib : cpy_tbl.obj (.text)
                  00001c68    00000044                                   : exit.obj (.text)
                  00001cac    00000042                                   : u_divt2.obj (.text)
                  00001cee    00000040     sensorlib.lib : i2cm_drv.obj (.text:I2CMStateReadFinal)
                  00001d2e    00000040                   : isl29023.obj (.text:ISL29023Callback)
                  00001d6e    0000003e                   : i2cm_drv.obj (.text:I2CMStateReadPause)
                  00001dac    0000003c     uartstdio.obj (.text:UARTFlushTx)
                  00001de8    0000003a     sensorlib.lib : i2cm_drv.obj (.text:I2CMWrite8Callback)
                  00001e22    00000034                   : i2cm_drv.obj (.text:I2CMInit)
                  00001e56    00000030                   : i2cm_drv.obj (.text:I2CMTransferResume)
                  00001e86    00000002     --HOLE-- [fill = 0]
                  00001e88    0000002c     light_isl29023.obj (.text:GPIOPortEIntHandler)
                  00001eb4    0000002c     light_isl29023.obj (.text:ISL29023AppI2CWait)
                  00001ee0    0000002c     uartstdio.obj (.text:UARTFlushRx)
                  00001f0c    0000002a     driverlib.lib : gpio.obj (.text:GPIODirModeSet)
                  00001f36    0000002a     sensorlib.lib : i2cm_drv.obj (.text:I2CMStateReadFirst)
                  00001f60    00000024     light_isl29023.obj (.text:ISL29023AppCallback)
                  00001f84    00000020     sensorlib.lib : i2cm_drv.obj (.text:I2CMStateReadOne)
                  00001fa4    00000020     light_isl29023.obj (.text:SysTickIntHandler)
                  00001fc4    0000001c     driverlib.lib : sysctl.obj (.text:_SysCtlMemTimingGet)
                  00001fe0    0000001a     sensorlib.lib : i2cm_drv.obj (.text:I2CMStateReadWait)
                  00001ffa    0000001a     uartstdio.obj (.text:UARTprintf)
                  00002014    00000018     uartstdio.obj (.text:IsBufferFull)
                  0000202c    00000018     rtsv7M4_T_le_v4SPD16_eabi.lib : args_main.obj (.text)
                  00002044    00000014                                   : _lock.obj (.text)
                  00002058    00000012     driverlib.lib : gpio.obj (.text:GPIOPinTypeEthernetLED)
                  0000206a    00000012                   : gpio.obj (.text:GPIOPinTypeI2CSCL)
                  0000207c    00000012     rtsv7M4_T_le_v4SPD16_eabi.lib : copy_zero_init.obj (.text:decompress:ZI)
                  0000208e    0000000e     driverlib.lib : gpio.obj (.text:GPIOIntStatus)
                  0000209c    0000000e     uartstdio.obj (.text:IsBufferEmpty)
                  000020aa    0000000e     rtsv7M4_T_le_v4SPD16_eabi.lib : copy_decompress_none.obj (.text:decompress:none)
                  000020b8    0000000c     driverlib.lib : gpio.obj (.text:GPIOIntEnable)
                  000020c4    0000000c     sensorlib.lib : isl29023.obj (.text:ISL29023DataLightVisibleGetRaw)
                  000020d0    0000000c     light_isl29023.obj (.text:ISL29023I2CIntHandler)
                  000020dc    0000000c     driverlib.lib : interrupt.obj (.text:IntTrigger)
                  000020e8    0000000a                   : i2c.obj (.text:I2CMasterEnable)
                  000020f2    00000008                   : i2c.obj (.text:I2CMasterIntClear)
                  000020fa    00000008                   : i2c.obj (.text:I2CMasterIntEnableEx)
                  00002102    00000008                   : i2c.obj (.text:I2CMasterSlaveAddrSet)
                  0000210a    00000006                   : gpio.obj (.text:GPIOIntClear)
                  00002110    00000006                   : gpio.obj (.text:GPIOPinRead)
                  00002116    00000006                   : gpio.obj (.text:GPIOPinWrite)
                  0000211c    00000006     startup_ccs.obj (.text:ResetISR)
                  00002122    00000006     rtsv7M4_T_le_v4SPD16_eabi.lib : copy_decompress_rle.obj (.text:decompress:rle24)
                  00002128    00000004     driverlib.lib : i2c.obj (.text:I2CMasterControl)
                  0000212c    00000004                   : i2c.obj (.text:I2CMasterDataGet)
                  00002130    00000004                   : i2c.obj (.text:I2CMasterDataPut)

.const     0    00002134    000002c0     
                  00002134    00000120     driverlib.lib : sysctl.obj (.const:g_pppui32XTALtoVCO)
                  00002254    00000070                   : interrupt.obj (.const)
                  000022c4    0000006c                   : sysctl.obj (.const:g_pui32Xtals)
                  00002330    00000030                   : sysctl.obj (.const:g_sXTALtoMEMTIM)
                  00002360    00000030     sensorlib.lib : isl29023.obj (.const)
                  00002390    00000028     uartstdio.obj (.const)
                  000023b8    00000020     light_isl29023.obj (.const)
                  000023d8    00000012     uartstdio.obj (.const:.string)
                  000023ea    00000002     --HOLE-- [fill = 0]
                  000023ec    00000008     driverlib.lib : sysctl.obj (.const)

.cinit     0    000023f8    00000038     
                  000023f8    00000012     (.cinit..data.load) [load image, compression = rle]
                  0000240a    00000002     --HOLE-- [fill = 0]
                  0000240c    0000000c     (__TI_handler_table)
                  00002418    00000008     (.cinit..bss.load) [load image, compression = zero_init]
                  00002420    00000010     (__TI_cinit_table)

.bss       0    20000000    000005e5     UNINITIALIZED
                  20000000    00000400     uartstdio.obj (.bss:g_pcUARTTxBuffer)
                  20000400    00000124     light_isl29023.obj (.bss:g_sI2CInst)
                  20000524    00000080     uartstdio.obj (.bss:g_pcUARTRxBuffer)
                  200005a4    0000002c     light_isl29023.obj (.bss:g_sISL29023Inst)
                  200005d0    00000004     (.common:g_ui32PortNum)
                  200005d4    00000004     (.common:g_ui32SysClock)
                  200005d8    00000004     (.common:g_vui8DataFlag)
                  200005dc    00000004     (.common:g_vui8ErrorFlag)
                  200005e0    00000004     (.common:g_vui8IntensityFlag)
                  200005e4    00000001     (.common:g_bDisableEcho)

.stack     0    200005e8    00000400     UNINITIALIZED
                  200005e8    00000400     --HOLE--

.data      0    200009e8    0000002c     UNINITIALIZED
                  200009e8    00000015     uartstdio.obj (.data)
                  200009fd    00000003     --HOLE--
                  20000a00    00000008     rtsv7M4_T_le_v4SPD16_eabi.lib : _lock.obj (.data)
                  20000a08    00000008                                   : exit.obj (.data)
                  20000a10    00000004                                   : stkdepth_vars.obj (.data)


LINKER GENERATED COPY TABLES

__TI_cinit_table @ 00002420 records: 2, size/record: 8, table size: 16
	.data: load addr=000023f8, load size=00000012 bytes, run addr=200009e8, run size=0000002c bytes, compression=rle
	.bss: load addr=00002418, load size=00000008 bytes, run addr=20000000, run size=000005e5 bytes, compression=zero_init


LINKER GENERATED HANDLER TABLE

__TI_handler_table @ 0000240c records: 3, size/record: 4, table size: 12
	index: 0, handler: __TI_decompress_rle24
	index: 1, handler: __TI_decompress_none
	index: 2, handler: __TI_zero_init


GLOBAL SYMBOLS: SORTED ALPHABETICALLY BY Name 

address    name
--------   ----
00001c69   C$$EXIT
000017ed   ConfigureUART
00001f0d   GPIODirModeSet
0000210b   GPIOIntClear
000020b9   GPIOIntEnable
0000208f   GPIOIntStatus
00000c41   GPIOPadConfigSet
00002111   GPIOPinRead
00002059   GPIOPinTypeEthernetLED
0000206b   GPIOPinTypeI2CSCL
00002117   GPIOPinWrite
00001e89   GPIOPortEIntHandler
00001371   I2CMCommand
00001e23   I2CMInit
00000d71   I2CMIntHandler
000013f9   I2CMReadModifyWrite8
00001e57   I2CMTransferResume
00001849   I2CMWrite8
00002129   I2CMasterControl
0000212d   I2CMasterDataGet
00002131   I2CMasterDataPut
000020e9   I2CMasterEnable
00001ac1   I2CMasterInitExpClk
000020f3   I2CMasterIntClear
000020fb   I2CMasterIntEnableEx
00002103   I2CMasterSlaveAddrSet
000011bd   ISL29023AppAdjustRange
00001f61   ISL29023AppCallback
00000e65   ISL29023AppErrorHandler
00001eb5   ISL29023AppI2CWait
00001b09   ISL29023DataLightVisibleGetFloat
000020c5   ISL29023DataLightVisibleGetRaw
00001941   ISL29023DataRead
000020d1   ISL29023I2CIntHandler
0000189d   ISL29023Init
00001991   ISL29023Read
000019e1   ISL29023ReadModifyWrite
000014d5   ISL29023Write
0000153d   IntDisable
000015a5   IntEnable
0000160d   IntIsEnabled
000020dd   IntTrigger
000016d1   LEDRead
00001469   LEDWrite
000004dd   PinoutSet
0000211d   ResetISR
UNDEFED    SHT$$INIT_ARRAY$$Base
UNDEFED    SHT$$INIT_ARRAY$$Limit
000006f1   SysCtlClockFreqSet
00001fa5   SysTickIntHandler
00001ee1   UARTFlushRx
00001dad   UARTFlushTx
00000f31   UARTStdioConfig
00000ae1   UARTStdioIntHandler
00001ffb   UARTprintf
000008f5   UARTvprintf
00000fe1   UARTwrite
200009e8   __STACK_END
00000400   __STACK_SIZE
200009e8   __STACK_TOP
00002420   __TI_CINIT_Base
00002430   __TI_CINIT_Limit
0000240c   __TI_Handler_Table_Base
00002418   __TI_Handler_Table_Limit
00000001   __TI_args_main
00001251   __TI_auto_init
20000a08   __TI_cleanup_ptr
000020ab   __TI_decompress_none
00002123   __TI_decompress_rle24
20000a0c   __TI_dtors_ptr
00000000   __TI_static_base__
0000207d   __TI_zero_init
00001089   __aeabi_memcpy
00001089   __aeabi_memcpy4
00001089   __aeabi_memcpy8
00001cad   __aeabi_uidivmod
ffffffff   __binit__
ffffffff   __c_args__
200005e8   __stack
0000202d   _args_main
00001b99   _c_int00
20000a00   _lock
00002053   _nop
0000204b   _register_lock
00002045   _register_unlock
20000a04   _unlock
00001c6d   abort
ffffffff   binit
00001c25   copy_in
00001c75   exit
00002380   g_fBetaLookup
00002360   g_fRangeLookup
00002370   g_fResolutionLookup
000023b8   g_fThresholdHigh
000023c8   g_fThresholdLow
00000000   g_pfnVectors
20000400   g_sI2CInst
200005a4   g_sISL29023Inst
200005d4   g_ui32SysClock
200005d8   g_vui8DataFlag
200005dc   g_vui8ErrorFlag
200005e0   g_vui8IntensityFlag
00000201   main
20000a10   main_func_sp
00001089   memcpy


GLOBAL SYMBOLS: SORTED BY Symbol Address 

address    name
--------   ----
00000000   __TI_static_base__
00000000   g_pfnVectors
00000001   __TI_args_main
00000201   main
00000400   __STACK_SIZE
000004dd   PinoutSet
000006f1   SysCtlClockFreqSet
000008f5   UARTvprintf
00000ae1   UARTStdioIntHandler
00000c41   GPIOPadConfigSet
00000d71   I2CMIntHandler
00000e65   ISL29023AppErrorHandler
00000f31   UARTStdioConfig
00000fe1   UARTwrite
00001089   __aeabi_memcpy
00001089   __aeabi_memcpy4
00001089   __aeabi_memcpy8
00001089   memcpy
000011bd   ISL29023AppAdjustRange
00001251   __TI_auto_init
00001371   I2CMCommand
000013f9   I2CMReadModifyWrite8
00001469   LEDWrite
000014d5   ISL29023Write
0000153d   IntDisable
000015a5   IntEnable
0000160d   IntIsEnabled
000016d1   LEDRead
000017ed   ConfigureUART
00001849   I2CMWrite8
0000189d   ISL29023Init
00001941   ISL29023DataRead
00001991   ISL29023Read
000019e1   ISL29023ReadModifyWrite
00001ac1   I2CMasterInitExpClk
00001b09   ISL29023DataLightVisibleGetFloat
00001b99   _c_int00
00001c25   copy_in
00001c69   C$$EXIT
00001c6d   abort
00001c75   exit
00001cad   __aeabi_uidivmod
00001dad   UARTFlushTx
00001e23   I2CMInit
00001e57   I2CMTransferResume
00001e89   GPIOPortEIntHandler
00001eb5   ISL29023AppI2CWait
00001ee1   UARTFlushRx
00001f0d   GPIODirModeSet
00001f61   ISL29023AppCallback
00001fa5   SysTickIntHandler
00001ffb   UARTprintf
0000202d   _args_main
00002045   _register_unlock
0000204b   _register_lock
00002053   _nop
00002059   GPIOPinTypeEthernetLED
0000206b   GPIOPinTypeI2CSCL
0000207d   __TI_zero_init
0000208f   GPIOIntStatus
000020ab   __TI_decompress_none
000020b9   GPIOIntEnable
000020c5   ISL29023DataLightVisibleGetRaw
000020d1   ISL29023I2CIntHandler
000020dd   IntTrigger
000020e9   I2CMasterEnable
000020f3   I2CMasterIntClear
000020fb   I2CMasterIntEnableEx
00002103   I2CMasterSlaveAddrSet
0000210b   GPIOIntClear
00002111   GPIOPinRead
00002117   GPIOPinWrite
0000211d   ResetISR
00002123   __TI_decompress_rle24
00002129   I2CMasterControl
0000212d   I2CMasterDataGet
00002131   I2CMasterDataPut
00002360   g_fRangeLookup
00002370   g_fResolutionLookup
00002380   g_fBetaLookup
000023b8   g_fThresholdHigh
000023c8   g_fThresholdLow
0000240c   __TI_Handler_Table_Base
00002418   __TI_Handler_Table_Limit
00002420   __TI_CINIT_Base
00002430   __TI_CINIT_Limit
20000400   g_sI2CInst
200005a4   g_sISL29023Inst
200005d4   g_ui32SysClock
200005d8   g_vui8DataFlag
200005dc   g_vui8ErrorFlag
200005e0   g_vui8IntensityFlag
200005e8   __stack
200009e8   __STACK_END
200009e8   __STACK_TOP
20000a00   _lock
20000a04   _unlock
20000a08   __TI_cleanup_ptr
20000a0c   __TI_dtors_ptr
20000a10   main_func_sp
ffffffff   __binit__
ffffffff   __c_args__
ffffffff   binit
UNDEFED    SHT$$INIT_ARRAY$$Base
UNDEFED    SHT$$INIT_ARRAY$$Limit

[105 symbols]
